// Jest Snapshot v1, https://goo.gl/fbAQLP

exports[`VariablesApi deleteVariable() 1: Delete existing variable: esv-frodo-test-variable3 - success 1`] = `
{
  "_id": "esv-frodo-test-variable3",
  "description": "Frodo Test Variable Three Description",
  "expressionType": "",
  "lastChangeDate": "2022-12-22T23:14:34.888Z",
  "lastChangedBy": "c5f3cf35-4cc1-42f9-80b3-59e1ca842510",
  "loaded": false,
  "valueBase64": "RnJvZG8gVGVzdCBWYXJpYWJsZSBUaHJlZSBWYWx1ZQ==",
}
`;

exports[`VariablesApi deleteVariable() 2: Delete non-existing variable: esv-does-not-exist - error 1`] = `
{
  "code": 404,
  "message": "The variable does not exist",
}
`;

exports[`VariablesApi getVariable() 1: Get existing variable: esv-frodo-test-variable1 1`] = `
{
  "_id": "esv-frodo-test-variable1",
  "description": "Frodo Test Variable One Description",
  "expressionType": "",
  "lastChangeDate": "2022-12-22T23:14:32.500Z",
  "lastChangedBy": "c5f3cf35-4cc1-42f9-80b3-59e1ca842510",
  "loaded": false,
  "valueBase64": "RnJvZG8gVGVzdCBWYXJpYWJsZSBPbmUgVmFsdWU=",
}
`;

exports[`VariablesApi getVariable() 2: Get non-existing variable: esv-does-not-exist 1`] = `
{
  "code": 404,
  "message": "The variable does not exist",
}
`;

exports[`VariablesApi getVariables() 1: Get all variables - success 1`] = `
{
  "pagedResultsCookie": null,
  "remainingPagedResults": -1,
  "result": [
    {
      "_id": "esv-frodo-test-variable3",
      "description": "Frodo Test Variable Three Description",
      "expressionType": "",
      "lastChangeDate": "2022-12-22T23:14:34.888Z",
      "lastChangedBy": "c5f3cf35-4cc1-42f9-80b3-59e1ca842510",
      "loaded": false,
      "valueBase64": "RnJvZG8gVGVzdCBWYXJpYWJsZSBUaHJlZSBWYWx1ZQ==",
    },
    {
      "_id": "esv-frodo-test-variable2",
      "description": "Frodo Test Variable Two Description",
      "expressionType": "",
      "lastChangeDate": "2022-12-22T23:14:33.714Z",
      "lastChangedBy": "c5f3cf35-4cc1-42f9-80b3-59e1ca842510",
      "loaded": false,
      "valueBase64": "RnJvZG8gVGVzdCBWYXJpYWJsZSBUd28gVmFsdWU=",
    },
    {
      "_id": "esv-461016d8d2-configurationpropertiescredentials",
      "description": "Configuration parameter /configurationProperties/credentials in file idm/conf/provisioner.openicf-OUD.json",
      "expressionType": "",
      "lastChangeDate": "2021-12-09T16:48:18.482Z",
      "lastChangedBy": "forgerock-automation",
      "loaded": true,
      "valueBase64": "RnJkcC0yMDEw",
    },
    {
      "_id": "esv-volkerstestvariable1",
      "description": "Volker's Updated Test Variable Description",
      "expressionType": "",
      "lastChangeDate": "2022-04-10T20:55:39.746Z",
      "lastChangedBy": "c5f3cf35-4cc1-42f9-80b3-59e1ca842510",
      "loaded": true,
      "valueBase64": "Vm9sa2VyJ3MgVGVzdCBWYXJpYWJsZSBWYWx1ZQo=",
    },
    {
      "_id": "esv-twilio-account-sid",
      "description": "Twilio account SID. Get your own at: https://twilio.com",
      "expressionType": "",
      "lastChangeDate": "2022-08-12T21:26:32.688Z",
      "lastChangedBy": "c5f3cf35-4cc1-42f9-80b3-59e1ca842510",
      "loaded": true,
      "valueBase64": "QUM3NTA0MTVlMzE2M2EyZTU3YjdhZWVhN2VlZDgyZDk0NA==",
    },
    {
      "_id": "esv-ipv4-cidr-access-rules",
      "description": "IPv4 CIDR access rules: { "allow": [ "address/mask" ] }",
      "expressionType": "",
      "lastChangeDate": "2022-08-25T20:16:54.243Z",
      "lastChangedBy": "c5f3cf35-4cc1-42f9-80b3-59e1ca842510",
      "loaded": true,
      "valueBase64": "eyAiYWxsb3ciOiBbICIxNDUuMTE4LjAuMC8xNiIsICIxMzIuMzUuMC4wLzE2IiwgIjEwMS4yMjYuMC4wLzE2IiwgIjk5LjcyLjI4LjE4Mi8zMiIgXSB9",
    },
    {
      "_id": "esv-twilio-phone-number",
      "description": "Twilio phone number. Get your own at: https://twilio.com",
      "expressionType": "",
      "lastChangeDate": "2022-08-12T21:27:18.560Z",
      "lastChangedBy": "c5f3cf35-4cc1-42f9-80b3-59e1ca842510",
      "loaded": true,
      "valueBase64": "KzEzMTc2NDQzMTA3",
    },
    {
      "_id": "esv-frodo-test-variable1",
      "description": "Frodo Test Variable One Description",
      "expressionType": "",
      "lastChangeDate": "2022-12-22T23:14:32.500Z",
      "lastChangedBy": "c5f3cf35-4cc1-42f9-80b3-59e1ca842510",
      "loaded": false,
      "valueBase64": "RnJvZG8gVGVzdCBWYXJpYWJsZSBPbmUgVmFsdWU=",
    },
  ],
  "resultCount": 8,
  "totalPagedResults": -1,
  "totalPagedResultsPolicy": "NONE",
}
`;

exports[`VariablesApi putVariable() 2: Create new variable: esv-frodo-test-variable4 - success 1`] = `
{
  "_id": "esv-frodo-test-variable4",
  "description": "Frodo Test Variable Four Description",
  "expressionType": "",
  "lastChangeDate": "2022-12-22T23:14:37.549Z",
  "lastChangedBy": "c5f3cf35-4cc1-42f9-80b3-59e1ca842510",
  "loaded": false,
  "valueBase64": "RnJvZG8gVGVzdCBWYXJpYWJsZSBGb3VyIFZhbHVl",
}
`;

exports[`VariablesApi setVariableDescription() 1: Set existing variable's description: esv-frodo-test-variable2 - success 1`] = `""`;

exports[`VariablesApi setVariableDescription() 2: Set non-existing variable's description: esv-does-not-exist - error 1`] = `
{
  "code": 404,
  "message": "The variable does not exist",
}
`;
