// Jest Snapshot v1, https://goo.gl/fbAQLP

exports[`wordwrap wraps long strings with no spaces correctly 1`] = `
"https://backstag
e.forgerock.com/
docs/idcloud-am/
latest/oauth2-gu
ide/token-exchan
ge-configuration
.html"
`;

exports[`wordwrap wraps long strings with no spaces correctly with indentation 1`] = `
"https://back
    stage.forger
    ock.com/docs
    /idcloud-am/
    latest/oauth
    2-guide/toke
    n-exchange-c
    onfiguration
    .html"
`;

exports[`wordwrap wraps long strings with spaces correctly 1`] = `
"Lorem ipsum dolor sit amet, cons
ectetur adipiscing elit, sed do 
eiusmod tempor incididunt ut lab
ore et dolore magna aliqua. Ut e
nim ad minim veniam, quis nostru
d exercitation ullamco laboris n
isi ut aliquip ex ea commodo con
sequat. Duis aute irure dolor i
n reprehenderit in voluptate vel
it esse cillum dolore eu fugiat 
nulla pariatur. Excepteur sint o
ccaecat cupidatat non proident, 
sunt in culpa qui officia deseru
nt mollit anim id est laborum."
`;
