// Jest Snapshot v1, https://jestjs.io/docs/snapshot-testing

exports[`EnvCSRsApi createCSR() 1: Create new CSR - success 1`] = `
{
  "algorithm": "SHA256-RSA",
  "createdDate": "2024-07-31T02:42:05Z",
  "id": Any<String>,
  "request": "-----BEGIN CERTIFICATE REQUEST-----
MIID0DCCArgCAQAwggEsMQswCQYDVQQGEwJVUzEOMAwGA1UECBMFVGV4YXMxEzAR
BgNVBAcTCkdlb3JnZXRvd24xFjAUBgNVBAkTDTEgTWFpbiBTdHJlZXQxEzARBgNV
BAoTClJvY2tjYXJ2ZXIxFjAUBgNVBAsTDUZyb2RvIExpYnJhcnkxITAfBgNVBAMT
GGZyb2RvLWRldjQubXl0ZXN0cnVuLmNvbTELMAkGA1UEBRMCMDQxIjAgBgkqhkiG
9w0BCQEWE3ZzY2hldWJlckBnbWFpbC5jb20xFTATBgNVBA8TDFVuaXQgVGVzdGlu
ZzETMBEGCysGAQQBgjc8AgEDEwJVUzEbMBkGCysGAQQBgjc8AgEBEwpHZW9yZ2V0
b3duMRYwFAYLKwYBBAGCNzwCAQITBVRleGFzMIIBIjANBgkqhkiG9w0BAQEFAAOC
AQ8AMIIBCgKCAQEAqzlZtIM2mWvU0o6BNIHNNajZ9dl6qcjOsY/p7HV2WP/invff
n63HBcsTndcKRvt/YS+SmGb//JN/zbXVEE+l75SCTJndc+5Bz2OYYalGaQgFvgNZ
tGCojyYl3iX+yC3LMavAKnyApnFM6GWMGeETwE155d0FknFFtPNaEQs4hpSPUOlh
2536yzUvzg/i7cZrJKqJ8zmpQ26w5zfA3eG8XeDycbkbkHRqZTzBwmBFCzeKI3zd
T81CBK046KynsqRB4CZJwCOZ3bM5h7iom7wOVeEgzk9OeIzFgShx2cQCFC+xSV3w
LEkvomExDxePUvjfHOQ05B27EbR3FURP/N+K6QIDAQABoF0wWwYJKoZIhvcNAQkO
MU4wTDBKBgNVHREBAf8EQDA+gh1mcm9kby1kZXY0LWFsdDEubXl0ZXN0cnVuLmNv
bYIdZnJvZG8tZGV2NC1hbHQyLm15dGVzdHJ1bi5jb20wDQYJKoZIhvcNAQELBQAD
ggEBABcvPn/gB9a+2HlvAG4SolnMzH/Mc33JCellYYcsMqZLgluKedPT76h2PqM9
5jIPeV7kLitv2pV80nKxDHqYf3SpiRx3Abg/0pvBKkzcMifebSeNrDkKbntLRiAo
pfCLBSTk494Rrt3rOXByyupx7xmjAg7tCUbp1UrFvhFqI6vR/8SRpol0sd5FohcS
5IFdZi4N4P8dptV0SvrByqZYndxx2X77t01OcLSmre+F2zb1RiOBwuZZV/Na43Bm
F/DZdi7io+ZOCpEYSvyNvuBVqdBYDLY22u8eueACp2NkAw/w7ue16i9vsKmgAiSQ
rrtKRaz9mw3x3b8tC/pYD1hSaNM=
-----END CERTIFICATE REQUEST-----
",
  "subject": "C=US/ST=Texas/L=Georgetown/streetAddress=1 Main Street/O=Rockcarver/OU=Frodo Library/CN=frodo-dev4.mytestrun.com/SERIALNUMBER=04/emailAddress=vscheuber@gmail.com/businessCategory=Unit Testing/jurisdictionCountryName=US/jurisdictionLocalityName=Georgetown/jurisdictionStateOrProvinceName=Texas",
  "subjectAlternativeNames": [
    "frodo-dev4-alt1.mytestrun.com",
    "frodo-dev4-alt2.mytestrun.com",
  ],
}
`;

exports[`EnvCSRsApi deleteCSR() 1: Delete existing CSR - success 1`] = `""`;

exports[`EnvCSRsApi deleteCSR() 2: Delete non-existing CSR - success 1`] = `""`;

exports[`EnvCSRsApi getCSR() 1: Get existing CSR - success 1`] = `
{
  "algorithm": "SHA256-RSA",
  "createdDate": "2024-07-31T02:42:03Z",
  "id": "0143d649-0995-49be-9133-ad1763c2ac93",
  "request": "-----BEGIN CERTIFICATE REQUEST-----
MIID0DCCArgCAQAwggEsMQswCQYDVQQGEwJVUzEOMAwGA1UECBMFVGV4YXMxEzAR
BgNVBAcTCkdlb3JnZXRvd24xFjAUBgNVBAkTDTEgTWFpbiBTdHJlZXQxEzARBgNV
BAoTClJvY2tjYXJ2ZXIxFjAUBgNVBAsTDUZyb2RvIExpYnJhcnkxITAfBgNVBAMT
GGZyb2RvLWRldjEubXl0ZXN0cnVuLmNvbTELMAkGA1UEBRMCMDExIjAgBgkqhkiG
9w0BCQEWE3ZzY2hldWJlckBnbWFpbC5jb20xFTATBgNVBA8TDFVuaXQgVGVzdGlu
ZzETMBEGCysGAQQBgjc8AgEDEwJVUzEbMBkGCysGAQQBgjc8AgEBEwpHZW9yZ2V0
b3duMRYwFAYLKwYBBAGCNzwCAQITBVRleGFzMIIBIjANBgkqhkiG9w0BAQEFAAOC
AQ8AMIIBCgKCAQEA442UdpRL2PntKqKwA8rEHn1pQCvkeEGx3StC6TJHEQnCGy2a
TsmumjB5CEQ0z/cdgx7E5qHPJBZSFerhVJaAaSe3pnc2X6r8RKImuuJYNsSaaA6t
N5XuNm2GRKEJ4aK9vU/hdVn6PeE6M/MRndeK2kzfE/8OmI+0Vkfxwh7K2NxlaYkD
e9r083tWZGxkEjc33x91+8A/4wjUHB88s0EkMbdSDn3w2L/5G2Z0p2dUwlrmKs+y
ucNBGRVmXEPLDWcTOC9bU0Sxh+VhL+H8SSWSphlPEv9C/NEL5vKkZL5lRcwq4eDx
MoC7woRhuwN4eARGkb3FTo8Lp5R4vk0QPFHcOQIDAQABoF0wWwYJKoZIhvcNAQkO
MU4wTDBKBgNVHREBAf8EQDA+gh1mcm9kby1kZXYxLWFsdDEubXl0ZXN0cnVuLmNv
bYIdZnJvZG8tZGV2MS1hbHQyLm15dGVzdHJ1bi5jb20wDQYJKoZIhvcNAQELBQAD
ggEBAMpm9r8dzhYqspjSpfg+48dVZFqUS1YF4s5QBBRDEjmKoFO7CxQa+1MW/lBD
NvB3ZinHKvTTud1RidF8YYh15vzPrhv2eiOFbJRLGO7JO/CuVF+WNUr7PQYv6ZoF
SH97/HRUKQU22Xg4O288IWXWx9EwmhsuD/8tkZFKi3vPp9AGCHzMbvOT4ySHcLxR
iUnf2RX+1lXenMyVIv9oW2sqzaXH28Nd7bb8a1PzEYrlmUIoQAtS/5vINs/bt8O6
X1RTUnuOhVWz9csteiUGExWn2IXhI2FaJSW+7q9r/Cp+Kw80Q9wuVtp8J7nMubfc
/L6/+NLTl136w7nJ6hYP1H9v/fY=
-----END CERTIFICATE REQUEST-----
",
  "subject": "C=US/ST=Texas/L=Georgetown/streetAddress=1 Main Street/O=Rockcarver/OU=Frodo Library/CN=frodo-dev1.mytestrun.com/SERIALNUMBER=01/emailAddress=vscheuber@gmail.com/businessCategory=Unit Testing/jurisdictionCountryName=US/jurisdictionLocalityName=Georgetown/jurisdictionStateOrProvinceName=Texas",
  "subjectAlternativeNames": [
    "frodo-dev1-alt1.mytestrun.com",
    "frodo-dev1-alt2.mytestrun.com",
  ],
}
`;

exports[`EnvCSRsApi getCSR() 2: Get non-existing CSR - error 1`] = `""`;

exports[`EnvCSRsApi getCSRs() 1: Get all CSRs - success 1`] = `
[
  {
    "algorithm": "SHA256-RSA",
    "createdDate": "2024-07-31T02:42:04Z",
    "id": "9b1c9774-1caa-4fc0-a640-fb40930f2f33",
    "request": "-----BEGIN CERTIFICATE REQUEST-----
MIID0DCCArgCAQAwggEsMQswCQYDVQQGEwJVUzEOMAwGA1UECBMFVGV4YXMxEzAR
BgNVBAcTCkdlb3JnZXRvd24xFjAUBgNVBAkTDTEgTWFpbiBTdHJlZXQxEzARBgNV
BAoTClJvY2tjYXJ2ZXIxFjAUBgNVBAsTDUZyb2RvIExpYnJhcnkxITAfBgNVBAMT
GGZyb2RvLWRldjIubXl0ZXN0cnVuLmNvbTELMAkGA1UEBRMCMDIxIjAgBgkqhkiG
9w0BCQEWE3ZzY2hldWJlckBnbWFpbC5jb20xFTATBgNVBA8TDFVuaXQgVGVzdGlu
ZzETMBEGCysGAQQBgjc8AgEDEwJVUzEbMBkGCysGAQQBgjc8AgEBEwpHZW9yZ2V0
b3duMRYwFAYLKwYBBAGCNzwCAQITBVRleGFzMIIBIjANBgkqhkiG9w0BAQEFAAOC
AQ8AMIIBCgKCAQEA01FKXbSK8HN3AJJHKkSTeRomY8sVRd1OJ8+2mprppT3U7pH1
FUvym7F9iE9IXmWmLcmuJdcbRNzZLqUBc4g43cVvQIfcKvmJg97nGSk5Cc/mH5LK
vqxlJgsVA3CTVzEI649xaEHIpplgkO8AytzGCwpRZxdFrKfFp8hnBmvwzRuO1OPK
XyG8+yJB3AGBTXk0LXYGLiB+6R2GkPR7o+luVXotoJ9W9sFz++dfuSr9oAkDBsNE
qSzcewDNyZ1QI2B4J9trtBPvkSppVqaT90sxwseX/7WhFJLkq4D+iAKpXp6yydL+
z+z6YjOn68RvNuSeTgA8p3WFqIWwi53TQp4HOwIDAQABoF0wWwYJKoZIhvcNAQkO
MU4wTDBKBgNVHREBAf8EQDA+gh1mcm9kby1kZXYyLWFsdDEubXl0ZXN0cnVuLmNv
bYIdZnJvZG8tZGV2Mi1hbHQyLm15dGVzdHJ1bi5jb20wDQYJKoZIhvcNAQELBQAD
ggEBAMTYtiKl7kIoTVtMskhvO04J3ZCN5mHIpRakJqBoqFPmMZJ/URs8raD8flaW
sRi5f0Fyt1ab21fnoVlZbrgh629AfeMv9ME0/qsJVt3CYaK+BkRt70x8Xz1KDD/U
5AT0e7lsooGzrD+nzMGfmqb0ctCxgHD25JHIECaXgxJap3pvJKEyAAlw0xC1kZQP
Hi5Jt457ea+A5pSzVGoqm14tGJK/zkfnbtxc/NVZY5jGlvFZ5wzv6qz9YcGm+XiG
1wG7VybmyklR4gKlGWl7lEIbXQDwq8+hKKOzc5zR64rnjtFv+AvtWBYm3O7TAsDr
BoCyBacfXvedH0wQE4BoYJIBJHg=
-----END CERTIFICATE REQUEST-----
",
    "subject": "C=US/ST=Texas/L=Georgetown/streetAddress=1 Main Street/O=Rockcarver/OU=Frodo Library/CN=frodo-dev2.mytestrun.com/SERIALNUMBER=02/emailAddress=vscheuber@gmail.com/businessCategory=Unit Testing/jurisdictionCountryName=US/jurisdictionLocalityName=Georgetown/jurisdictionStateOrProvinceName=Texas",
    "subjectAlternativeNames": [
      "frodo-dev2-alt1.mytestrun.com",
      "frodo-dev2-alt2.mytestrun.com",
    ],
  },
  {
    "algorithm": "SHA256-RSA",
    "createdDate": "2024-07-31T02:42:04Z",
    "id": "387204c1-0f9b-43bb-a832-e226001d7741",
    "request": "-----BEGIN CERTIFICATE REQUEST-----
MIID0DCCArgCAQAwggEsMQswCQYDVQQGEwJVUzEOMAwGA1UECBMFVGV4YXMxEzAR
BgNVBAcTCkdlb3JnZXRvd24xFjAUBgNVBAkTDTEgTWFpbiBTdHJlZXQxEzARBgNV
BAoTClJvY2tjYXJ2ZXIxFjAUBgNVBAsTDUZyb2RvIExpYnJhcnkxITAfBgNVBAMT
GGZyb2RvLWRldjMubXl0ZXN0cnVuLmNvbTELMAkGA1UEBRMCMDMxIjAgBgkqhkiG
9w0BCQEWE3ZzY2hldWJlckBnbWFpbC5jb20xFTATBgNVBA8TDFVuaXQgVGVzdGlu
ZzETMBEGCysGAQQBgjc8AgEDEwJVUzEbMBkGCysGAQQBgjc8AgEBEwpHZW9yZ2V0
b3duMRYwFAYLKwYBBAGCNzwCAQITBVRleGFzMIIBIjANBgkqhkiG9w0BAQEFAAOC
AQ8AMIIBCgKCAQEApyaQx/a3UpEtRSsWlGWZeJ2x1XV9hvcPkhaP32d0ZZfFwDWl
C2NbJAl5Wcg5MIvfUsg0/KAYZ9Ne36ByUNJtyUxf3IUIDyC5lxCqd6BHdGTUERJi
SEjJ2AF2EpLcuc/0HW6Kr/mQ2+cwBDpkXHLuYaGxTmZ7J8rNXbMdN4ePb3xf9v98
3tenXGnbiTEbDj2JTK1WF0Kt7OX+960UlRAgIS6uX33O/eARqx+pi2uBddGgVE25
FYV5w/sfpVj8RcuChIShKQWNay5vidBXiN22wr28HC3wZoezP26QUWOxtx3m+6yf
0zlrUndcI3CCag44oVH42lxpD/aUSbo2tdHyhwIDAQABoF0wWwYJKoZIhvcNAQkO
MU4wTDBKBgNVHREBAf8EQDA+gh1mcm9kby1kZXYzLWFsdDEubXl0ZXN0cnVuLmNv
bYIdZnJvZG8tZGV2My1hbHQyLm15dGVzdHJ1bi5jb20wDQYJKoZIhvcNAQELBQAD
ggEBAHxNW3qTSuxF3p5F4EeRZpFOenM0LRDah+uy10bTQuGFeJgqRgiOPIPkjpQ4
xlX74hIvf3U1dLmyp6i+qaUExYlk8s5rkBQip0MinvlHEFaCCGgIaQFi4gbEprSZ
1XZ9Q5Sb1qhp6/xAPggjNKamRgLX706cazehR+nuxu7iXB3jXNLTaiPm8jFj0GdO
cP9gCBJp3pgVWWuz20/zx6BZulqbB14WGlbgO1txFRhHbyX1JLleIkQznPBd1opX
vup/8xjFJzV9hgxbUPGHFSRFZBhXARrmQslFzgsS9mMkRF9Jm2Rq0KY6wPbQtzib
a90F2Wh7wsEJNCDwiQVhz+YJbCs=
-----END CERTIFICATE REQUEST-----
",
    "subject": "C=US/ST=Texas/L=Georgetown/streetAddress=1 Main Street/O=Rockcarver/OU=Frodo Library/CN=frodo-dev3.mytestrun.com/SERIALNUMBER=03/emailAddress=vscheuber@gmail.com/businessCategory=Unit Testing/jurisdictionCountryName=US/jurisdictionLocalityName=Georgetown/jurisdictionStateOrProvinceName=Texas",
    "subjectAlternativeNames": [
      "frodo-dev3-alt1.mytestrun.com",
      "frodo-dev3-alt2.mytestrun.com",
    ],
  },
  {
    "algorithm": "SHA256-RSA",
    "createdDate": "2024-07-31T02:42:03Z",
    "id": "0143d649-0995-49be-9133-ad1763c2ac93",
    "request": "-----BEGIN CERTIFICATE REQUEST-----
MIID0DCCArgCAQAwggEsMQswCQYDVQQGEwJVUzEOMAwGA1UECBMFVGV4YXMxEzAR
BgNVBAcTCkdlb3JnZXRvd24xFjAUBgNVBAkTDTEgTWFpbiBTdHJlZXQxEzARBgNV
BAoTClJvY2tjYXJ2ZXIxFjAUBgNVBAsTDUZyb2RvIExpYnJhcnkxITAfBgNVBAMT
GGZyb2RvLWRldjEubXl0ZXN0cnVuLmNvbTELMAkGA1UEBRMCMDExIjAgBgkqhkiG
9w0BCQEWE3ZzY2hldWJlckBnbWFpbC5jb20xFTATBgNVBA8TDFVuaXQgVGVzdGlu
ZzETMBEGCysGAQQBgjc8AgEDEwJVUzEbMBkGCysGAQQBgjc8AgEBEwpHZW9yZ2V0
b3duMRYwFAYLKwYBBAGCNzwCAQITBVRleGFzMIIBIjANBgkqhkiG9w0BAQEFAAOC
AQ8AMIIBCgKCAQEA442UdpRL2PntKqKwA8rEHn1pQCvkeEGx3StC6TJHEQnCGy2a
TsmumjB5CEQ0z/cdgx7E5qHPJBZSFerhVJaAaSe3pnc2X6r8RKImuuJYNsSaaA6t
N5XuNm2GRKEJ4aK9vU/hdVn6PeE6M/MRndeK2kzfE/8OmI+0Vkfxwh7K2NxlaYkD
e9r083tWZGxkEjc33x91+8A/4wjUHB88s0EkMbdSDn3w2L/5G2Z0p2dUwlrmKs+y
ucNBGRVmXEPLDWcTOC9bU0Sxh+VhL+H8SSWSphlPEv9C/NEL5vKkZL5lRcwq4eDx
MoC7woRhuwN4eARGkb3FTo8Lp5R4vk0QPFHcOQIDAQABoF0wWwYJKoZIhvcNAQkO
MU4wTDBKBgNVHREBAf8EQDA+gh1mcm9kby1kZXYxLWFsdDEubXl0ZXN0cnVuLmNv
bYIdZnJvZG8tZGV2MS1hbHQyLm15dGVzdHJ1bi5jb20wDQYJKoZIhvcNAQELBQAD
ggEBAMpm9r8dzhYqspjSpfg+48dVZFqUS1YF4s5QBBRDEjmKoFO7CxQa+1MW/lBD
NvB3ZinHKvTTud1RidF8YYh15vzPrhv2eiOFbJRLGO7JO/CuVF+WNUr7PQYv6ZoF
SH97/HRUKQU22Xg4O288IWXWx9EwmhsuD/8tkZFKi3vPp9AGCHzMbvOT4ySHcLxR
iUnf2RX+1lXenMyVIv9oW2sqzaXH28Nd7bb8a1PzEYrlmUIoQAtS/5vINs/bt8O6
X1RTUnuOhVWz9csteiUGExWn2IXhI2FaJSW+7q9r/Cp+Kw80Q9wuVtp8J7nMubfc
/L6/+NLTl136w7nJ6hYP1H9v/fY=
-----END CERTIFICATE REQUEST-----
",
    "subject": "C=US/ST=Texas/L=Georgetown/streetAddress=1 Main Street/O=Rockcarver/OU=Frodo Library/CN=frodo-dev1.mytestrun.com/SERIALNUMBER=01/emailAddress=vscheuber@gmail.com/businessCategory=Unit Testing/jurisdictionCountryName=US/jurisdictionLocalityName=Georgetown/jurisdictionStateOrProvinceName=Texas",
    "subjectAlternativeNames": [
      "frodo-dev1-alt1.mytestrun.com",
      "frodo-dev1-alt2.mytestrun.com",
    ],
  },
  {
    "algorithm": "SHA256-RSA",
    "createdDate": "2024-07-31T02:40:14Z",
    "id": "85a380dd-f86f-4c09-8d88-863f17cdc8a7",
    "request": "-----BEGIN CERTIFICATE REQUEST-----
MIID0DCCArgCAQAwggEsMQswCQYDVQQGEwJVUzEOMAwGA1UECBMFVGV4YXMxEzAR
BgNVBAcTCkdlb3JnZXRvd24xFjAUBgNVBAkTDTEgTWFpbiBTdHJlZXQxEzARBgNV
BAoTClJvY2tjYXJ2ZXIxFjAUBgNVBAsTDUZyb2RvIExpYnJhcnkxITAfBgNVBAMT
GGZyb2RvLWRldjQubXl0ZXN0cnVuLmNvbTELMAkGA1UEBRMCMDQxIjAgBgkqhkiG
9w0BCQEWE3ZzY2hldWJlckBnbWFpbC5jb20xFTATBgNVBA8TDFVuaXQgVGVzdGlu
ZzETMBEGCysGAQQBgjc8AgEDEwJVUzEbMBkGCysGAQQBgjc8AgEBEwpHZW9yZ2V0
b3duMRYwFAYLKwYBBAGCNzwCAQITBVRleGFzMIIBIjANBgkqhkiG9w0BAQEFAAOC
AQ8AMIIBCgKCAQEAnAl60oVkr4dJYAjqbWys5lG36KJOxfMPZFQcJ7bJkYm0EIlS
HVdBhmega6IZxs74beVDamEJANa3L0Wp+kz/KNgC5n30eIRfAklK/Y+HNI+rxFpC
BxOYCcjC8pE+Yptsot0qAduIeiwYj3vYAIbd1xViAsViUBgaIKZKMvxr5Dvzs/hd
L3+4dNY2al0VcsggSNBmx1S2rQQn508GfQHVKdSuXx+tziOqTj1OPM79EjY0VBC9
psfOpY+AvfkqqnGJfYKC3uQwj6wrttcJA3jqUvvc+//oC+BeaFMBZ2S9LJSgWyP7
MPlPWaBg6MNQzgJivveGGDMz+r5J2Yz+R6c3wQIDAQABoF0wWwYJKoZIhvcNAQkO
MU4wTDBKBgNVHREBAf8EQDA+gh1mcm9kby1kZXY0LWFsdDEubXl0ZXN0cnVuLmNv
bYIdZnJvZG8tZGV2NC1hbHQyLm15dGVzdHJ1bi5jb20wDQYJKoZIhvcNAQELBQAD
ggEBAImyTdKzRG6dogneGbojflBea0BaaKbZN4WCsGHi85bBiTrVLvtdE3n0wpJH
oUtXP1N3a8dNYQnTEBwoGLOdcDjIe28KiI/KlYrB4YXTFpIUlOVMxgaQf6HYHlbM
JDw2oGo645v8ZJ+KXifKxMcJQtrptUzRFfwAUqdxD3qD+iboGFA6h5NP+v0xlJks
hs/f064DBpnJxwQ0L/q1cfvrqgkDDk+ySkUpHJmj7JiZC+a2nXOx2lwPdxY6zTAJ
rZmoweJXdpnJh7QjCEcsSlMwYSZ+OYVUETxBsBxEHM/AbPU0Zm5D38hcLcwXFuR4
mdC4waCh1hK24kMMvZwa+2v+mXo=
-----END CERTIFICATE REQUEST-----
",
    "subject": "C=US/ST=Texas/L=Georgetown/streetAddress=1 Main Street/O=Rockcarver/OU=Frodo Library/CN=frodo-dev4.mytestrun.com/SERIALNUMBER=04/emailAddress=vscheuber@gmail.com/businessCategory=Unit Testing/jurisdictionCountryName=US/jurisdictionLocalityName=Georgetown/jurisdictionStateOrProvinceName=Texas",
    "subjectAlternativeNames": [
      "frodo-dev4-alt1.mytestrun.com",
      "frodo-dev4-alt2.mytestrun.com",
    ],
  },
  {
    "algorithm": "SHA256-RSA",
    "createdDate": "2024-07-31T02:39:17Z",
    "id": "e6cf842f-e9a7-4c1f-aefa-29282a73558c",
    "request": "-----BEGIN CERTIFICATE REQUEST-----
MIID0DCCArgCAQAwggEsMQswCQYDVQQGEwJVUzEOMAwGA1UECBMFVGV4YXMxEzAR
BgNVBAcTCkdlb3JnZXRvd24xFjAUBgNVBAkTDTEgTWFpbiBTdHJlZXQxEzARBgNV
BAoTClJvY2tjYXJ2ZXIxFjAUBgNVBAsTDUZyb2RvIExpYnJhcnkxITAfBgNVBAMT
GGZyb2RvLWRldjQubXl0ZXN0cnVuLmNvbTELMAkGA1UEBRMCMDQxIjAgBgkqhkiG
9w0BCQEWE3ZzY2hldWJlckBnbWFpbC5jb20xFTATBgNVBA8TDFVuaXQgVGVzdGlu
ZzETMBEGCysGAQQBgjc8AgEDEwJVUzEbMBkGCysGAQQBgjc8AgEBEwpHZW9yZ2V0
b3duMRYwFAYLKwYBBAGCNzwCAQITBVRleGFzMIIBIjANBgkqhkiG9w0BAQEFAAOC
AQ8AMIIBCgKCAQEAsgwD/t1Bc9CJsGrYfL3aIcAjdcxBAcFr1g57qYNEjqPL9xMl
9Lj4toZFFuRFxE8np35H0o+3GqSnv5zSsX9oPv8nQos+LL+XRC/5NycO+iwscJcD
LP8U+PKON20z4ssijih43vs1KnYPdg/boKhqJ/jzu/TjUZugsVjxL6HXpnyE2HM+
oQBr06zgfKXQB5bHq0PRtcx9wtuDqlV0IISkTRmQ99eBj4VB1EneYuLDnLybHd+e
V3F5JAF/na4AOiYdUAahef0O8JQphyIIym1P4DGcsmZX0Nz+o5k0u7Cpc9/yt3KT
eYIypeUWmB5lWkI6J01c04pqtNM2zgH2pCD2EwIDAQABoF0wWwYJKoZIhvcNAQkO
MU4wTDBKBgNVHREBAf8EQDA+gh1mcm9kby1kZXY0LWFsdDEubXl0ZXN0cnVuLmNv
bYIdZnJvZG8tZGV2NC1hbHQyLm15dGVzdHJ1bi5jb20wDQYJKoZIhvcNAQELBQAD
ggEBABDNZYNJ/bx8F4OgWfi3ZV2GcV+o/k5TyG/G5XUwXOmiOnFAl41ZPRubP/RO
vwyyI8xYLs0mQ40m3k85wa7kKqbI+EpUyVwkl5l9KaQn6VSiDSnbJevkqLTREwug
QFZ7x5+lKAdp6W/WzQ0xD0RiDL1o132iPG5uqonmHT30sRkRNSCzoPVebBILH+HM
vMiiLIj6JHNZdGgTgRdgAuQPtca42Qz+d7aCiov6AbVgg1w8M6upV7lmVPOhoFGO
HjSLz+eW8d5UkcZtY2PScDIh74BHjqU6Bg7bhCvCSMK/zrjwLkvKs0FhOtUQ8nfL
9DQzmDVN3zB2anS/s5NDBcxr5JI=
-----END CERTIFICATE REQUEST-----
",
    "subject": "C=US/ST=Texas/L=Georgetown/streetAddress=1 Main Street/O=Rockcarver/OU=Frodo Library/CN=frodo-dev4.mytestrun.com/SERIALNUMBER=04/emailAddress=vscheuber@gmail.com/businessCategory=Unit Testing/jurisdictionCountryName=US/jurisdictionLocalityName=Georgetown/jurisdictionStateOrProvinceName=Texas",
    "subjectAlternativeNames": [
      "frodo-dev4-alt1.mytestrun.com",
      "frodo-dev4-alt2.mytestrun.com",
    ],
  },
  {
    "algorithm": "SHA256-RSA",
    "createdDate": "2024-07-31T02:12:01Z",
    "id": "8b1ca71c-90c7-4849-a4c2-9f893522dfcf",
    "request": "-----BEGIN CERTIFICATE REQUEST-----
MIID0DCCArgCAQAwggEsMQswCQYDVQQGEwJVUzEOMAwGA1UECBMFVGV4YXMxEzAR
BgNVBAcTCkdlb3JnZXRvd24xFjAUBgNVBAkTDTEgTWFpbiBTdHJlZXQxEzARBgNV
BAoTClJvY2tjYXJ2ZXIxFjAUBgNVBAsTDUZyb2RvIExpYnJhcnkxITAfBgNVBAMT
GGZyb2RvLWRldjQubXl0ZXN0cnVuLmNvbTELMAkGA1UEBRMCMDQxIjAgBgkqhkiG
9w0BCQEWE3ZzY2hldWJlckBnbWFpbC5jb20xFTATBgNVBA8TDFVuaXQgVGVzdGlu
ZzETMBEGCysGAQQBgjc8AgEDEwJVUzEbMBkGCysGAQQBgjc8AgEBEwpHZW9yZ2V0
b3duMRYwFAYLKwYBBAGCNzwCAQITBVRleGFzMIIBIjANBgkqhkiG9w0BAQEFAAOC
AQ8AMIIBCgKCAQEAzbHo2Vs4gttfUdl5pTHwdmd2hGnGCAHYQDcYk8dh0Aw1qEdJ
ZsKp5BSaMjaxlEAcWPJGGNJ2tLg3jCRV0Guw2M1j6LM7+gjtRF4RlmKG6xP2IzAb
XyA1iWl7UiLS6qR+/dOHUSRzECwgzRXxQnZSa3p9yykiG0zH0oiGFHp44yfTZAjx
BDfZbulw/qYJVc+5oU+cUUV6H96vgep0ycWx55ahKIg9gFEGjIQcc+9WIk0eRs4V
YFc6b1li+mFeFCQLxKLwSb4UCfcDsZkKaLY8sTf3PgxRJDva3bhrFfXduYyTiruP
tUg3baX6WyFeTVT4CfjbuoKL0z2+5ZUdaIT/3wIDAQABoF0wWwYJKoZIhvcNAQkO
MU4wTDBKBgNVHREBAf8EQDA+gh1mcm9kby1kZXY0LWFsdDEubXl0ZXN0cnVuLmNv
bYIdZnJvZG8tZGV2NC1hbHQyLm15dGVzdHJ1bi5jb20wDQYJKoZIhvcNAQELBQAD
ggEBAJ3SntE3M2WcNyad1TnCjdHgQQ5KYjXYfni9G5zFXbiR5OG4+y3JAnc0bt10
x5xNaDvdvAH8PQn6ldmUetsplhYRsBtRqb7ristaHj8mMMfmqBDZG2m5/jFW4W4z
CsUK7Ti/dUor+QxYx0jfJm/Rr8KeJx3oNWDl+itg/lCAPx1iWrmRV4k3bebEev7U
Wu8DB1TCPmkZ3KYT+i78WRV+8wdrMIGqXFmZsf7EXyTCNhZCelt7pDfKN8gctpvH
+8s3dUYGd58e/YeaJYHh2DVfmkC7nSlnVRNf2A8FD+gdeCLXqjyxkPQIKIcFt+LK
LxUbTtBfyUOFGQHarKy3e5R3xZk=
-----END CERTIFICATE REQUEST-----
",
    "subject": "C=US/ST=Texas/L=Georgetown/streetAddress=1 Main Street/O=Rockcarver/OU=Frodo Library/CN=frodo-dev4.mytestrun.com/SERIALNUMBER=04/emailAddress=vscheuber@gmail.com/businessCategory=Unit Testing/jurisdictionCountryName=US/jurisdictionLocalityName=Georgetown/jurisdictionStateOrProvinceName=Texas",
    "subjectAlternativeNames": [
      "frodo-dev4-alt1.mytestrun.com",
      "frodo-dev4-alt2.mytestrun.com",
    ],
  },
  {
    "algorithm": "SHA256-RSA",
    "createdDate": "2024-07-31T02:00:58Z",
    "id": "81a5c976-a879-4613-9118-00d6388043c5",
    "request": "-----BEGIN CERTIFICATE REQUEST-----
MIID0DCCArgCAQAwggEsMQswCQYDVQQGEwJVUzEOMAwGA1UECBMFVGV4YXMxEzAR
BgNVBAcTCkdlb3JnZXRvd24xFjAUBgNVBAkTDTEgTWFpbiBTdHJlZXQxEzARBgNV
BAoTClJvY2tjYXJ2ZXIxFjAUBgNVBAsTDUZyb2RvIExpYnJhcnkxITAfBgNVBAMT
GGZyb2RvLWRldjQubXl0ZXN0cnVuLmNvbTELMAkGA1UEBRMCMDQxIjAgBgkqhkiG
9w0BCQEWE3ZzY2hldWJlckBnbWFpbC5jb20xFTATBgNVBA8TDFVuaXQgVGVzdGlu
ZzETMBEGCysGAQQBgjc8AgEDEwJVUzEbMBkGCysGAQQBgjc8AgEBEwpHZW9yZ2V0
b3duMRYwFAYLKwYBBAGCNzwCAQITBVRleGFzMIIBIjANBgkqhkiG9w0BAQEFAAOC
AQ8AMIIBCgKCAQEApV+vdT77SHSs4S88VRfkM+z8rEx+bZWYbpaZzIw3efQBRikm
afi7bJnK223t3hZsy5JyvDVMSavjAaiWcWPGiQEGNyva/Z2VNh9OmsNp8uDA7T4x
gHYPCq450rd72Vw0DP4WWG2CsiJgWs+GWDyvt4RCFlnwe+YuEX3ZHLbNjAp8oG6w
PyfpuYZNaZ4pZrtZjtebUafI5ImTn0IGL2jGjP6kdPD9L7xEwMjeRZ1CpRwemcKj
Xj1W6Jjt133/WIYItWMi3XNKeyKc8mZVhcz3j75tdY3TAlK6EzMhM3iz4RepIhs/
6ZPdLSE77KoR3t7EzMBFWoDJ0ztv1oHhOJA3vwIDAQABoF0wWwYJKoZIhvcNAQkO
MU4wTDBKBgNVHREBAf8EQDA+gh1mcm9kby1kZXY0LWFsdDEubXl0ZXN0cnVuLmNv
bYIdZnJvZG8tZGV2NC1hbHQyLm15dGVzdHJ1bi5jb20wDQYJKoZIhvcNAQELBQAD
ggEBADmVi560R+Rig7oi+bQ1NFQLITYGlwqHYXyvoE607M0CQ3nzVJj6zxUoeLU5
BT2BtimEZo8aPdo4HbgQiG2k9lxuEnPxB1p5vNG5nfm4TEaPeG8XBO0bendDF2G2
dGMUtxELgLbLNDFlhXy5nYB2Om0/FTMqO9GpDzCRAyWAOqzDbmWeVV6Z/D9XX+N9
pmuz634I9Zhuy2vVsLebhNF8qd2vqgHHvkucKWpzrEzCK41sJz3OVnwUP+sm3NLB
4Qb6mywAdKQVA69a8ZPKS/A49loU50s8PoAfyJtEpF2yfwUNENYH0Jm/pgTu9p5s
p1SLlrowx4luL7sp2aiPS5PnIq8=
-----END CERTIFICATE REQUEST-----
",
    "subject": "C=US/ST=Texas/L=Georgetown/streetAddress=1 Main Street/O=Rockcarver/OU=Frodo Library/CN=frodo-dev4.mytestrun.com/SERIALNUMBER=04/emailAddress=vscheuber@gmail.com/businessCategory=Unit Testing/jurisdictionCountryName=US/jurisdictionLocalityName=Georgetown/jurisdictionStateOrProvinceName=Texas",
    "subjectAlternativeNames": [
      "frodo-dev4-alt1.mytestrun.com",
      "frodo-dev4-alt2.mytestrun.com",
    ],
  },
  {
    "algorithm": "SHA256-RSA",
    "createdDate": "2024-07-31T01:55:54Z",
    "id": "ca9ccbde-0b8a-416d-8e3f-1db82298df76",
    "request": "-----BEGIN CERTIFICATE REQUEST-----
MIID0DCCArgCAQAwggEsMQswCQYDVQQGEwJVUzEOMAwGA1UECBMFVGV4YXMxEzAR
BgNVBAcTCkdlb3JnZXRvd24xFjAUBgNVBAkTDTEgTWFpbiBTdHJlZXQxEzARBgNV
BAoTClJvY2tjYXJ2ZXIxFjAUBgNVBAsTDUZyb2RvIExpYnJhcnkxITAfBgNVBAMT
GGZyb2RvLWRldjQubXl0ZXN0cnVuLmNvbTELMAkGA1UEBRMCMDQxIjAgBgkqhkiG
9w0BCQEWE3ZzY2hldWJlckBnbWFpbC5jb20xFTATBgNVBA8TDFVuaXQgVGVzdGlu
ZzETMBEGCysGAQQBgjc8AgEDEwJVUzEbMBkGCysGAQQBgjc8AgEBEwpHZW9yZ2V0
b3duMRYwFAYLKwYBBAGCNzwCAQITBVRleGFzMIIBIjANBgkqhkiG9w0BAQEFAAOC
AQ8AMIIBCgKCAQEAvERrACf2Vdgr4+fIkbY66B0rGfrIwbzH1FKGC/iZR3FH26sv
bch3PY4VHlUzsnG7NmpgQ4hOafuxJGxI5feYYKSiDfm4jqhe4rChRLQj+bcnYlLE
ZTnlT9yWuFTAJjBSTZzZzYRomswaA5v2FczPQc4f8CkdvD9xWsWz5fP7c4rCyjm4
/b3KFrPa0WX9im9zSpHV5mIGfBUNqVprZNslzmuKZ0wRUvzCEHgOJy7/4SVoPhHd
TqD8Be4LJznI09SImYksuHJfnoMtkrQaSBg3VzbV3iTziCRXqos8Ski1SfuCbAHB
ehYWBlohgp87fkM9/xYZInfngov8TTrWbJXYMwIDAQABoF0wWwYJKoZIhvcNAQkO
MU4wTDBKBgNVHREBAf8EQDA+gh1mcm9kby1kZXY0LWFsdDEubXl0ZXN0cnVuLmNv
bYIdZnJvZG8tZGV2NC1hbHQyLm15dGVzdHJ1bi5jb20wDQYJKoZIhvcNAQELBQAD
ggEBAD19m4fJdVzEyMV/SI55mG+nCivN5gr8zN+ftDe6906cT5E8E9tihxsK9Czt
MZVmihGp5U9++V1UMAnKOfAn5CEGztXXMpa+6kqR6Y32cCfo29NDyHMuiJbdWnO1
xXNTT805lHPCzK7ODSmde80+NrXTABYoQkPjKUnrcQCPUXEiPgsWwe798yPgShY8
oYZHw3nBDtEp7W86bOkLIWczHYJnOpBvz/shobj/Pt2NVZdtBdAK8dxdcMPA5FLU
aZ48Lxk3A3qxPzZn9jXn7Xu3W1iJ9fchnOT2kr8o5nZFje1DGyAKs+a9dHOU6eEs
G4Ci0eWzv/2eEWdAfrXFjaRUtPs=
-----END CERTIFICATE REQUEST-----
",
    "subject": "C=US/ST=Texas/L=Georgetown/streetAddress=1 Main Street/O=Rockcarver/OU=Frodo Library/CN=frodo-dev4.mytestrun.com/SERIALNUMBER=04/emailAddress=vscheuber@gmail.com/businessCategory=Unit Testing/jurisdictionCountryName=US/jurisdictionLocalityName=Georgetown/jurisdictionStateOrProvinceName=Texas",
    "subjectAlternativeNames": [
      "frodo-dev4-alt1.mytestrun.com",
      "frodo-dev4-alt2.mytestrun.com",
    ],
  },
  {
    "algorithm": "SHA256-RSA",
    "createdDate": "2024-07-31T01:03:53Z",
    "id": "b86690bd-8bf5-44c6-9aa6-aaeff3568447",
    "request": "-----BEGIN CERTIFICATE REQUEST-----
MIID0DCCArgCAQAwggEsMQswCQYDVQQGEwJVUzEOMAwGA1UECBMFVGV4YXMxEzAR
BgNVBAcTCkdlb3JnZXRvd24xFjAUBgNVBAkTDTEgTWFpbiBTdHJlZXQxEzARBgNV
BAoTClJvY2tjYXJ2ZXIxFjAUBgNVBAsTDUZyb2RvIExpYnJhcnkxITAfBgNVBAMT
GGZyb2RvLWRldjQubXl0ZXN0cnVuLmNvbTELMAkGA1UEBRMCMDQxIjAgBgkqhkiG
9w0BCQEWE3ZzY2hldWJlckBnbWFpbC5jb20xFTATBgNVBA8TDFVuaXQgVGVzdGlu
ZzETMBEGCysGAQQBgjc8AgEDEwJVUzEbMBkGCysGAQQBgjc8AgEBEwpHZW9yZ2V0
b3duMRYwFAYLKwYBBAGCNzwCAQITBVRleGFzMIIBIjANBgkqhkiG9w0BAQEFAAOC
AQ8AMIIBCgKCAQEAlKeucZeLyVllAt2AI3lpNNeS/C5aZqvyrO8ORxepDI9mnGAh
ekODETo63OGJ2VSvm6PGQeIBxEAeHaDhMMS+OaMOm45YZVS6kQ7VdiQ7xZBYSpbl
RwKfXitlOE9sutHk5HuRUjsNjXJ530Plczs6UNLb0dLsg2poBOnocF6467VK/h1B
9FTcSrt3/Sb48XDsL7VBOOfzI/bLp4rIF+69bCnwkIKt+ToAEvRiSzCQfmDyAf89
srkwSisMXJTu3GHZyWh5LlichsirJM9FRDMuB90W85cmTgZaASmbORZuB3wr+lsa
WmEmZ5Yt71B9NC/QL7NeT53yNHEujWIQ6qwt7QIDAQABoF0wWwYJKoZIhvcNAQkO
MU4wTDBKBgNVHREBAf8EQDA+gh1mcm9kby1kZXY0LWFsdDEubXl0ZXN0cnVuLmNv
bYIdZnJvZG8tZGV2NC1hbHQyLm15dGVzdHJ1bi5jb20wDQYJKoZIhvcNAQELBQAD
ggEBAF43vu7wwWPhVUZGvj8TfylcwrA8j5ncSrYvGRIDLvCbtWdrU48YjNcPZDVS
tLxhHw3uW0tbbN9gfdIqwsu9ktVBXVrmAellrGP6cpHSqIRcDuybWpVMsqLVTH69
bUuTT0EY4ktA7WxJC/XVnyHSvvrr3mY1RBbtvZUY2YYVrzzwIkkbIPgyIuf5kvzL
e9UJWOleWVSbq98Pj1rRFHNPHcPLRgZiWJonXbQi/jGgItBkiemOf941vexhjkTM
y6H0YeNmwHFNGtdHo8iZf0fHE/rXwQaeE2qyAUGd1RfCugOMzfOGzksnaUPCNcdk
32sGOooPfc0tnWQ8Zdeq7M+SYIE=
-----END CERTIFICATE REQUEST-----
",
    "subject": "C=US/ST=Texas/L=Georgetown/streetAddress=1 Main Street/O=Rockcarver/OU=Frodo Library/CN=frodo-dev4.mytestrun.com/SERIALNUMBER=04/emailAddress=vscheuber@gmail.com/businessCategory=Unit Testing/jurisdictionCountryName=US/jurisdictionLocalityName=Georgetown/jurisdictionStateOrProvinceName=Texas",
    "subjectAlternativeNames": [
      "frodo-dev4-alt1.mytestrun.com",
      "frodo-dev4-alt2.mytestrun.com",
    ],
  },
  {
    "algorithm": "SHA256-RSA",
    "createdDate": "2024-07-31T00:51:16Z",
    "id": "90b8ccbe-db9a-4fc5-aef3-25cfc5c51bcc",
    "request": "-----BEGIN CERTIFICATE REQUEST-----
MIID0DCCArgCAQAwggEsMQswCQYDVQQGEwJVUzEOMAwGA1UECBMFVGV4YXMxEzAR
BgNVBAcTCkdlb3JnZXRvd24xFjAUBgNVBAkTDTEgTWFpbiBTdHJlZXQxEzARBgNV
BAoTClJvY2tjYXJ2ZXIxFjAUBgNVBAsTDUZyb2RvIExpYnJhcnkxITAfBgNVBAMT
GGZyb2RvLWRldjQubXl0ZXN0cnVuLmNvbTELMAkGA1UEBRMCMDQxIjAgBgkqhkiG
9w0BCQEWE3ZzY2hldWJlckBnbWFpbC5jb20xFTATBgNVBA8TDFVuaXQgVGVzdGlu
ZzETMBEGCysGAQQBgjc8AgEDEwJVUzEbMBkGCysGAQQBgjc8AgEBEwpHZW9yZ2V0
b3duMRYwFAYLKwYBBAGCNzwCAQITBVRleGFzMIIBIjANBgkqhkiG9w0BAQEFAAOC
AQ8AMIIBCgKCAQEAq3pNdcCb4OYOJsnRy/rsaKEtal1UwlNziCkOk88LvQx3w6PN
pIjhfNCMuK3ep2viQH4LkXi97sg4Fck5xvrGPllKWVVPQ2R+kDGBP8ke/Yk0m8z1
B8X1ZdJx2Xq/uMcxSeH8ARZi6UPIOMBtQUUHib18k6p76pJzyZRNdQb3gT8Eng0k
zFxF3w4waZR2fQF2GLMEF1F7AK1C5Il4jQUcguzHUA3XNcX4NHVAGtzEm7KqO9wL
Q7MpVKLNXZUQq4ahGx+/q/BmBi8IZdWaPr24RTsjUzXS+NUM7QpedAlih1Yo2F4/
Qe7X645y5eFIVCd4jSHtBRKuqy36L3qKLMRPrwIDAQABoF0wWwYJKoZIhvcNAQkO
MU4wTDBKBgNVHREBAf8EQDA+gh1mcm9kby1kZXY0LWFsdDEubXl0ZXN0cnVuLmNv
bYIdZnJvZG8tZGV2NC1hbHQyLm15dGVzdHJ1bi5jb20wDQYJKoZIhvcNAQELBQAD
ggEBAB7jyyoTAmoFor4gKPf9XaFfcRpcRpXIwidNivODXiFloFjWXFwh0g37orOU
iRQbHh1wMPagvSQW5V0+0h4wl0UrFKk7oabT6ZHgdPgwlLttHnJbbAIHzWYgYabE
Saemj8geSYbzGuSg5mzQqUItA1Yw56v8Z0CIAkzDR0FthH0O7O+U4xlWGEQ/qDcP
ngg0/aj7/AZeZLqiR8AeZfRDsb40zdMo5gBrsGHg2aZshQ471u4u4EUAXm70F243
OwsC9mycIBNEQfm4map57nReAUfxWQMVGBotQkB9kT/ia7P9YC4lrdRyRotUZJ89
TzNElBiUtXmkYcmr+lKuWye8324=
-----END CERTIFICATE REQUEST-----
",
    "subject": "C=US/ST=Texas/L=Georgetown/streetAddress=1 Main Street/O=Rockcarver/OU=Frodo Library/CN=frodo-dev4.mytestrun.com/SERIALNUMBER=04/emailAddress=vscheuber@gmail.com/businessCategory=Unit Testing/jurisdictionCountryName=US/jurisdictionLocalityName=Georgetown/jurisdictionStateOrProvinceName=Texas",
    "subjectAlternativeNames": [
      "frodo-dev4-alt1.mytestrun.com",
      "frodo-dev4-alt2.mytestrun.com",
    ],
  },
  {
    "algorithm": "SHA256-RSA",
    "createdDate": "2024-07-31T00:47:27Z",
    "id": "9acf2029-8925-434f-b6d1-5da455e753e8",
    "request": "-----BEGIN CERTIFICATE REQUEST-----
MIID0DCCArgCAQAwggEsMQswCQYDVQQGEwJVUzEOMAwGA1UECBMFVGV4YXMxEzAR
BgNVBAcTCkdlb3JnZXRvd24xFjAUBgNVBAkTDTEgTWFpbiBTdHJlZXQxEzARBgNV
BAoTClJvY2tjYXJ2ZXIxFjAUBgNVBAsTDUZyb2RvIExpYnJhcnkxITAfBgNVBAMT
GGZyb2RvLWRldjQubXl0ZXN0cnVuLmNvbTELMAkGA1UEBRMCMDQxIjAgBgkqhkiG
9w0BCQEWE3ZzY2hldWJlckBnbWFpbC5jb20xFTATBgNVBA8TDFVuaXQgVGVzdGlu
ZzETMBEGCysGAQQBgjc8AgEDEwJVUzEbMBkGCysGAQQBgjc8AgEBEwpHZW9yZ2V0
b3duMRYwFAYLKwYBBAGCNzwCAQITBVRleGFzMIIBIjANBgkqhkiG9w0BAQEFAAOC
AQ8AMIIBCgKCAQEAoRwp/dSuPygwZt3mZUO4kfc/Vo1lZbakoLaiM9iEkW1lHNSO
UZRICU/4VYmizLQOh4hpbLuXAvaWlAJ/tukIdAuYAg5uw1I2N4jAD5QxMeLs8lih
mk6Luivp7uXz9IzFhN/j8+hcdhOdLYaHaZyYijQZnRWj7PDMzn3tz8G4HnPpb5Hc
Kqgr9wrmIlyV6BV16X61o3z/vlKSyMpJIl16MJTcgnum7j4gsKmh/21TBiYsxE5/
d0l+xoo8puwPO0Ugwt9HFw7AcMkxNgP57f8f3Wsv49l4h0Ii7GxD4v4SgKswra6C
kBUpsID03lKiafPzkfCzqYTMZ1SHFHArS6wc2QIDAQABoF0wWwYJKoZIhvcNAQkO
MU4wTDBKBgNVHREBAf8EQDA+gh1mcm9kby1kZXY0LWFsdDEubXl0ZXN0cnVuLmNv
bYIdZnJvZG8tZGV2NC1hbHQyLm15dGVzdHJ1bi5jb20wDQYJKoZIhvcNAQELBQAD
ggEBADVDSo23+NMDVC1QupXAWE68x1cvE4r5n+8OIhTHYc/P4yy8JvywKzzEqXYX
00VEV1cvraheTurPQgMcU/oIfH5zq3zGi1OoVZcux2e4qEuLevq3tMk2a3cHvI2t
UQMYb8MY8cRhZPWPKEliiG9wYA+ZNcLu+LcvRMsPuuMkwJVLVghokafBLptQU8KI
w9XUl9murbd3aXLLj0W63YaGDqmq3wPVei33Td1+jVRCF/FeDjvLDuDLHDrduQF6
MiwE2vsuZXdFDYdtWiUuQS47M6VH4f2tE9oMC9TqcE0fTdLdL38kjCGht7sA7Rgb
2Hx1jRWrg4JIpMa5LkBDwLpAqMM=
-----END CERTIFICATE REQUEST-----
",
    "subject": "C=US/ST=Texas/L=Georgetown/streetAddress=1 Main Street/O=Rockcarver/OU=Frodo Library/CN=frodo-dev4.mytestrun.com/SERIALNUMBER=04/emailAddress=vscheuber@gmail.com/businessCategory=Unit Testing/jurisdictionCountryName=US/jurisdictionLocalityName=Georgetown/jurisdictionStateOrProvinceName=Texas",
    "subjectAlternativeNames": [
      "frodo-dev4-alt1.mytestrun.com",
      "frodo-dev4-alt2.mytestrun.com",
    ],
  },
  {
    "algorithm": "SHA256-RSA",
    "createdDate": "2024-07-31T00:45:59Z",
    "id": "a3937e4b-d1c4-4631-91ab-8436ef87bcb4",
    "request": "-----BEGIN CERTIFICATE REQUEST-----
MIID0DCCArgCAQAwggEsMQswCQYDVQQGEwJVUzEOMAwGA1UECBMFVGV4YXMxEzAR
BgNVBAcTCkdlb3JnZXRvd24xFjAUBgNVBAkTDTEgTWFpbiBTdHJlZXQxEzARBgNV
BAoTClJvY2tjYXJ2ZXIxFjAUBgNVBAsTDUZyb2RvIExpYnJhcnkxITAfBgNVBAMT
GGZyb2RvLWRldjQubXl0ZXN0cnVuLmNvbTELMAkGA1UEBRMCMDQxIjAgBgkqhkiG
9w0BCQEWE3ZzY2hldWJlckBnbWFpbC5jb20xFTATBgNVBA8TDFVuaXQgVGVzdGlu
ZzETMBEGCysGAQQBgjc8AgEDEwJVUzEbMBkGCysGAQQBgjc8AgEBEwpHZW9yZ2V0
b3duMRYwFAYLKwYBBAGCNzwCAQITBVRleGFzMIIBIjANBgkqhkiG9w0BAQEFAAOC
AQ8AMIIBCgKCAQEAyBt2kAqSPbCIX/KG6gvbeE0e0WZpZP6D0K+XDwTOMU/nIIU2
Tjngo/x9MQpnuk5Nq7faJVHeoHcU8KSf5HJ/8i4UAfhJGV0ATjT+EDROXlUNr7YG
AwYuJKTRZP6/EtheQlgXi+mkuMVUhTMrY6QnmZcYn3wLKdpMdiqIlZzEuTIADml9
0/BJoSYt6m2S09N/KqllOC6Urk3i6As0GmGJB7u4NF71MzMrOY6Rd/OgoT8KrKuB
g1j6B0kHeOxZl0THR3lv7NbnfxzK+7FcaGJhWxaDW/mO8rfejK3haBT+xN7j1Pfn
OuMuagItmujgBSJmx8oPjPe+xzfnK32WfLNPEwIDAQABoF0wWwYJKoZIhvcNAQkO
MU4wTDBKBgNVHREBAf8EQDA+gh1mcm9kby1kZXY0LWFsdDEubXl0ZXN0cnVuLmNv
bYIdZnJvZG8tZGV2NC1hbHQyLm15dGVzdHJ1bi5jb20wDQYJKoZIhvcNAQELBQAD
ggEBAL1T3cyV00dSUdHoQ9vCRRjEe3QECsWP4PnTtiuWiR2OipZZs8/K9Jq5/fWh
hC23us29vpKXsA28aks+zy+dsEAxihcVSdDbHUOWboMN6ehM0fLnbYKNgKD+7jEx
X80dyhw4XfZ0Upa0yfxLf7VOXgVDA+FzGs4BIma0h2FLX0yOn9YslXS0b8jdfQW9
ITEBi7UL01zv+gFQvxQi0osS09xpIn8HUhWbcdwtEbGZpH+cvTfMopXydYCwWqqM
4BpRq6ikKDyOgo2eltmflqt4Mr8y8R+5UTaS7nSkP7qO3ZxlUXmu3U/0e83s4a/F
b28WyYiFbS/11Oy3PcBxAia27Ys=
-----END CERTIFICATE REQUEST-----
",
    "subject": "C=US/ST=Texas/L=Georgetown/streetAddress=1 Main Street/O=Rockcarver/OU=Frodo Library/CN=frodo-dev4.mytestrun.com/SERIALNUMBER=04/emailAddress=vscheuber@gmail.com/businessCategory=Unit Testing/jurisdictionCountryName=US/jurisdictionLocalityName=Georgetown/jurisdictionStateOrProvinceName=Texas",
    "subjectAlternativeNames": [
      "frodo-dev4-alt1.mytestrun.com",
      "frodo-dev4-alt2.mytestrun.com",
    ],
  },
  {
    "algorithm": "SHA256-RSA",
    "createdDate": "2024-07-31T00:44:58Z",
    "id": "de260864-688a-4dcc-ab13-464fae2bcd8d",
    "request": "-----BEGIN CERTIFICATE REQUEST-----
MIID0DCCArgCAQAwggEsMQswCQYDVQQGEwJVUzEOMAwGA1UECBMFVGV4YXMxEzAR
BgNVBAcTCkdlb3JnZXRvd24xFjAUBgNVBAkTDTEgTWFpbiBTdHJlZXQxEzARBgNV
BAoTClJvY2tjYXJ2ZXIxFjAUBgNVBAsTDUZyb2RvIExpYnJhcnkxITAfBgNVBAMT
GGZyb2RvLWRldjQubXl0ZXN0cnVuLmNvbTELMAkGA1UEBRMCMDQxIjAgBgkqhkiG
9w0BCQEWE3ZzY2hldWJlckBnbWFpbC5jb20xFTATBgNVBA8TDFVuaXQgVGVzdGlu
ZzETMBEGCysGAQQBgjc8AgEDEwJVUzEbMBkGCysGAQQBgjc8AgEBEwpHZW9yZ2V0
b3duMRYwFAYLKwYBBAGCNzwCAQITBVRleGFzMIIBIjANBgkqhkiG9w0BAQEFAAOC
AQ8AMIIBCgKCAQEApILPPjEeQaCxZGs+7G7IUOVZ37QSuiXWjvtKSFEUHExkfl6r
ibMM8m818vwTM3y2odAHV0r8mpO40ihPY/gOfwpgIBNvfOIrqpRm60otBsru8h5W
jKmpC8/xdYdwvZLNUn6Gh0jLB+Rtt52dcnCYjTQ5tdvZWwoJqf/FyJV6GJ2JwJPf
cBQ1fkaBpTt7hTk5g5jWpoBM3EqUK0Dd10t0sBYHLX2LlISATj8tNf3cqZDX/9Y1
KDbv7/xKV0eAgK2Fpf4P8fdi7aIvxi2zGkd2nctINrEKJuw9aaymHVeez8D8GQLv
kux97iQpjP583ihZlIP8N5AI3fuPMUCYHn8+5wIDAQABoF0wWwYJKoZIhvcNAQkO
MU4wTDBKBgNVHREBAf8EQDA+gh1mcm9kby1kZXY0LWFsdDEubXl0ZXN0cnVuLmNv
bYIdZnJvZG8tZGV2NC1hbHQyLm15dGVzdHJ1bi5jb20wDQYJKoZIhvcNAQELBQAD
ggEBAJouDsqsqp7/BuaguborHGAbgiTr7jl3XAOKzgwSgYYZCwacN/bgx5F32t/B
9BthBvxq9h/1o/Y93BNv3MEICwN8iVaP1284ecQhopzfa4e/5iTRpDwW4PebJ1LP
/GX/awIEzTs0eGuxo0V6YfYKBVNX/EIgC9nkTdkBgTEOcXJ9i6aLNitQuki88KTZ
tIo96Kp6xrVRuItRxDFUjvCLoguWOk6A6NZ5SyVeuYBbYBBeGfkAi16DSCwvXnnr
CEljuCjf9S/5cGSskHqHQOs3gzJhG5NQH/PSbcvUYXDUV4EqBZzSqzkB6Ub1m0Rm
/iQ1O9XbnFfwKU642Wvq3Kmyh38=
-----END CERTIFICATE REQUEST-----
",
    "subject": "C=US/ST=Texas/L=Georgetown/streetAddress=1 Main Street/O=Rockcarver/OU=Frodo Library/CN=frodo-dev4.mytestrun.com/SERIALNUMBER=04/emailAddress=vscheuber@gmail.com/businessCategory=Unit Testing/jurisdictionCountryName=US/jurisdictionLocalityName=Georgetown/jurisdictionStateOrProvinceName=Texas",
    "subjectAlternativeNames": [
      "frodo-dev4-alt1.mytestrun.com",
      "frodo-dev4-alt2.mytestrun.com",
    ],
  },
  {
    "algorithm": "SHA256-RSA",
    "createdDate": "2024-07-31T00:44:16Z",
    "id": "576021d6-bc10-41de-b3f0-a11fa1f0f7bd",
    "request": "-----BEGIN CERTIFICATE REQUEST-----
MIID0DCCArgCAQAwggEsMQswCQYDVQQGEwJVUzEOMAwGA1UECBMFVGV4YXMxEzAR
BgNVBAcTCkdlb3JnZXRvd24xFjAUBgNVBAkTDTEgTWFpbiBTdHJlZXQxEzARBgNV
BAoTClJvY2tjYXJ2ZXIxFjAUBgNVBAsTDUZyb2RvIExpYnJhcnkxITAfBgNVBAMT
GGZyb2RvLWRldjQubXl0ZXN0cnVuLmNvbTELMAkGA1UEBRMCMDQxIjAgBgkqhkiG
9w0BCQEWE3ZzY2hldWJlckBnbWFpbC5jb20xFTATBgNVBA8TDFVuaXQgVGVzdGlu
ZzETMBEGCysGAQQBgjc8AgEDEwJVUzEbMBkGCysGAQQBgjc8AgEBEwpHZW9yZ2V0
b3duMRYwFAYLKwYBBAGCNzwCAQITBVRleGFzMIIBIjANBgkqhkiG9w0BAQEFAAOC
AQ8AMIIBCgKCAQEAv1KU4hk4KTrUIeXCK645jo8J3UL5asRLstfttzwlZJfHWbNY
RA4GW05DRvKC5F8u1C5dYd95phFmUUGGEhaGz0cnS6VoAmsjrGW03d5TEr3sI8gK
dYLRguWog4DpKdMQIP0onm6vlUI/0YqOm63H2RrStB3CJR+yOmjJ2062VE47pSqT
X0be5cGm0Q72t6uBW2MN2DEeZgXQco1oA/pIwC2EtgtSD8zXxomp5sR9L6WJaEbX
bMbRtfRX1B3Yh4F/LSel8mUYd0EIGUAEmWbKoSqHJcQj7uoaImL8FObCnFIHqXBj
w7xW+pgYs741n0la/mxg0L3oPa6fDp3Dad5XkQIDAQABoF0wWwYJKoZIhvcNAQkO
MU4wTDBKBgNVHREBAf8EQDA+gh1mcm9kby1kZXY0LWFsdDEubXl0ZXN0cnVuLmNv
bYIdZnJvZG8tZGV2NC1hbHQyLm15dGVzdHJ1bi5jb20wDQYJKoZIhvcNAQELBQAD
ggEBAJUdtyUtJYLg6IYSyjhYGTZfKBnUluFiQF32QG23nn0wVBoZ8Wfl83g55yC2
S9JyQDdEE0R5ncDmfmsJ94c4BZBFoM6CflX6KIe96ncbbiTs6TYvXxc3GObeuphZ
mYnVzar7laAL9avkIpY/P/aOdzMHHkTMkObEoprCq3K7Ym/45lnlOvoboTkoGiUz
63w/vqeVqcfyKszgI6/k9rgZl0Ctz+rDaVt84okBWOJ+NZ2XB0FChxueBEdIa+4t
QCH7F5fj4YuZ21LqYkkn2yIbzHnbpNceW/0IO2rdojk9zvoqkMy4cozvAPlx2+gj
L+nGq3uC5Ebe03n4ZIEe0nU5j+g=
-----END CERTIFICATE REQUEST-----
",
    "subject": "C=US/ST=Texas/L=Georgetown/streetAddress=1 Main Street/O=Rockcarver/OU=Frodo Library/CN=frodo-dev4.mytestrun.com/SERIALNUMBER=04/emailAddress=vscheuber@gmail.com/businessCategory=Unit Testing/jurisdictionCountryName=US/jurisdictionLocalityName=Georgetown/jurisdictionStateOrProvinceName=Texas",
    "subjectAlternativeNames": [
      "frodo-dev4-alt1.mytestrun.com",
      "frodo-dev4-alt2.mytestrun.com",
    ],
  },
  {
    "algorithm": "SHA256-RSA",
    "createdDate": "2024-07-31T00:43:20Z",
    "id": "e820cd79-c64d-4870-bc4b-91b904c30911",
    "request": "-----BEGIN CERTIFICATE REQUEST-----
MIID0DCCArgCAQAwggEsMQswCQYDVQQGEwJVUzEOMAwGA1UECBMFVGV4YXMxEzAR
BgNVBAcTCkdlb3JnZXRvd24xFjAUBgNVBAkTDTEgTWFpbiBTdHJlZXQxEzARBgNV
BAoTClJvY2tjYXJ2ZXIxFjAUBgNVBAsTDUZyb2RvIExpYnJhcnkxITAfBgNVBAMT
GGZyb2RvLWRldjQubXl0ZXN0cnVuLmNvbTELMAkGA1UEBRMCMDQxIjAgBgkqhkiG
9w0BCQEWE3ZzY2hldWJlckBnbWFpbC5jb20xFTATBgNVBA8TDFVuaXQgVGVzdGlu
ZzETMBEGCysGAQQBgjc8AgEDEwJVUzEbMBkGCysGAQQBgjc8AgEBEwpHZW9yZ2V0
b3duMRYwFAYLKwYBBAGCNzwCAQITBVRleGFzMIIBIjANBgkqhkiG9w0BAQEFAAOC
AQ8AMIIBCgKCAQEAvP5Syfy6A90sKxQ9D/19kbo7N7sllGvpIPKqfNX8XwbVspgh
rLKqMS4a4SJGZtSNh0i3Ubh6LxK+3OkkQrP6vys7sxYFuch4BfHZR8mujxk1O/up
IatcNpOG25mIM6eL/NPesYNl8vKL7lgjse8r89V1Ppnuu6yt0v+mtglfHHuiHBSG
dUFdkdLeD4VdcLVHlV0PALHs5DvXb7GuBXAkhfBJsfc++eKv7aII0Dcm9Ev583Qz
Tj2S2fCoxrhL3n8YDf89+Msr9VUebZ2exkQqFxc7QxzAQu55ybEnicktqHI2MmYt
sA/gVDdoekwD+CQiq5HB3Pou8TVTMexy1OJj7QIDAQABoF0wWwYJKoZIhvcNAQkO
MU4wTDBKBgNVHREBAf8EQDA+gh1mcm9kby1kZXY0LWFsdDEubXl0ZXN0cnVuLmNv
bYIdZnJvZG8tZGV2NC1hbHQyLm15dGVzdHJ1bi5jb20wDQYJKoZIhvcNAQELBQAD
ggEBAJThBBg2eM89DWf1RENEWsCdQYTBlJ7+l+gL1e5k5QA1mr1SfUw1IN+NFNZ9
ZPbNlCLYZbgHUUy+R8C/87VAXd2Qv1FVSINeKXalCOpaQnqbKK07ph78UiLEh9Jf
uey5+UCAPqak33Vfgvvnt0pN980CCzRwRszPtjJd4ZSnc3eiMdsMfd58emtZ9B5e
QQPfvrfSZkKIPAqzdWeQqBjPHxJD/Qu3fb14Ece8M6h7i5J0PZPcGCubdpsi2egE
xxvcqrm5hZF/IIhcoEpebp9pFCnB6In7pwOShO1pTv425hDXNDZVL75KzCJu2sfl
mOP9Wu8RubJS443ss0BZcQkxUhE=
-----END CERTIFICATE REQUEST-----
",
    "subject": "C=US/ST=Texas/L=Georgetown/streetAddress=1 Main Street/O=Rockcarver/OU=Frodo Library/CN=frodo-dev4.mytestrun.com/SERIALNUMBER=04/emailAddress=vscheuber@gmail.com/businessCategory=Unit Testing/jurisdictionCountryName=US/jurisdictionLocalityName=Georgetown/jurisdictionStateOrProvinceName=Texas",
    "subjectAlternativeNames": [
      "frodo-dev4-alt1.mytestrun.com",
      "frodo-dev4-alt2.mytestrun.com",
    ],
  },
  {
    "algorithm": "SHA256-RSA",
    "createdDate": "2024-07-31T00:42:32Z",
    "id": "8390ebaa-9933-4903-8f19-e624ea847d10",
    "request": "-----BEGIN CERTIFICATE REQUEST-----
MIID0DCCArgCAQAwggEsMQswCQYDVQQGEwJVUzEOMAwGA1UECBMFVGV4YXMxEzAR
BgNVBAcTCkdlb3JnZXRvd24xFjAUBgNVBAkTDTEgTWFpbiBTdHJlZXQxEzARBgNV
BAoTClJvY2tjYXJ2ZXIxFjAUBgNVBAsTDUZyb2RvIExpYnJhcnkxITAfBgNVBAMT
GGZyb2RvLWRldjQubXl0ZXN0cnVuLmNvbTELMAkGA1UEBRMCMDQxIjAgBgkqhkiG
9w0BCQEWE3ZzY2hldWJlckBnbWFpbC5jb20xFTATBgNVBA8TDFVuaXQgVGVzdGlu
ZzETMBEGCysGAQQBgjc8AgEDEwJVUzEbMBkGCysGAQQBgjc8AgEBEwpHZW9yZ2V0
b3duMRYwFAYLKwYBBAGCNzwCAQITBVRleGFzMIIBIjANBgkqhkiG9w0BAQEFAAOC
AQ8AMIIBCgKCAQEAuy0UA7CX+2zr1z5EUYfN+1M2y6Af0bYMyD34Ut+12k36EhpT
D6fnQBcMVaD6GM5rbN3RRvIJ3vCuz34nKc/Y8OsUGK1V79IvW43Sd9zcKWGFIqCK
zJL0vOcefZOvsXft7deT2Wor9pOp1e3vhECrZVvcSYvo9ltSSGVXg9gZ0fwt/P98
FFY4o2oMV5i1SU2hA/qL/ueFmQjnXes8RsobvxG7e1aIZ3Bn1/ERPskK+PZ/0DA6
tyvibH1sPqRI9ucCqYaIF0pGszQR5K8JbOdpmjFFAdl885vAKGZ25BQtu1Ypmg83
12aAOi3NilHOZVRlrmiy7A8AAg2OU1i9txgMHQIDAQABoF0wWwYJKoZIhvcNAQkO
MU4wTDBKBgNVHREBAf8EQDA+gh1mcm9kby1kZXY0LWFsdDEubXl0ZXN0cnVuLmNv
bYIdZnJvZG8tZGV2NC1hbHQyLm15dGVzdHJ1bi5jb20wDQYJKoZIhvcNAQELBQAD
ggEBAJuqWNbxp8W7Hmu90KmZiYll6zexgWDhFrxbLkeWCKF+OYdfNC208wF66qQn
uWvtZsETTv59jcwDbGyNxCqbMml1lgiW5JRJDk7gVrpCorItRGzsCRXh7ziLCdNz
ginvtYOFugEKt8OMRlwr9Fx4sRuxJa1vZj+XAYcAw34LO5MU4SNLu9S3g51weDwN
CKj2ZpgyfbcsbdmjG/pHltncYqa6LXUMsRN5R1ndtDgOadDnt/MhskP39yAxhMBK
n6d8oZsmmqxaBPTGGnatwHHzW8QE3jb/WMhoAksU4mJKvQLuFrlxhWFI5cEZ7jKo
FVa67YKK3lWoPzG3FXvmEEcmfRI=
-----END CERTIFICATE REQUEST-----
",
    "subject": "C=US/ST=Texas/L=Georgetown/streetAddress=1 Main Street/O=Rockcarver/OU=Frodo Library/CN=frodo-dev4.mytestrun.com/SERIALNUMBER=04/emailAddress=vscheuber@gmail.com/businessCategory=Unit Testing/jurisdictionCountryName=US/jurisdictionLocalityName=Georgetown/jurisdictionStateOrProvinceName=Texas",
    "subjectAlternativeNames": [
      "frodo-dev4-alt1.mytestrun.com",
      "frodo-dev4-alt2.mytestrun.com",
    ],
  },
  {
    "algorithm": "SHA256-RSA",
    "createdDate": "2024-07-31T00:39:58Z",
    "id": "6648dc12-66ae-4993-8a80-abe41225b903",
    "request": "-----BEGIN CERTIFICATE REQUEST-----
MIID0DCCArgCAQAwggEsMQswCQYDVQQGEwJVUzEOMAwGA1UECBMFVGV4YXMxEzAR
BgNVBAcTCkdlb3JnZXRvd24xFjAUBgNVBAkTDTEgTWFpbiBTdHJlZXQxEzARBgNV
BAoTClJvY2tjYXJ2ZXIxFjAUBgNVBAsTDUZyb2RvIExpYnJhcnkxITAfBgNVBAMT
GGZyb2RvLWRldjQubXl0ZXN0cnVuLmNvbTELMAkGA1UEBRMCMDQxIjAgBgkqhkiG
9w0BCQEWE3ZzY2hldWJlckBnbWFpbC5jb20xFTATBgNVBA8TDFVuaXQgVGVzdGlu
ZzETMBEGCysGAQQBgjc8AgEDEwJVUzEbMBkGCysGAQQBgjc8AgEBEwpHZW9yZ2V0
b3duMRYwFAYLKwYBBAGCNzwCAQITBVRleGFzMIIBIjANBgkqhkiG9w0BAQEFAAOC
AQ8AMIIBCgKCAQEAt1AiYdDweR+XjFn3BYpxfNL9U5vVIAb3AhRkEerztjIuHMh5
tvEI8FQ4xOyB2pe66Afa5hn0Lx9xBvoS1aW2SzHvlcksS9HkA4g19A7EpE8F0FJ0
qdF04noEF1dcof6oK9ifFjkrdAgZi34pYq+vzFdk4NgLCIDwx7niVhDfcAgBWSVF
FnXeLWM7Zk0MUCCYzWqsOIJsA/5m7Dj5u7ftRU99+XlVRcLUuiNpb1eoovQCddf1
ZgIcp9xbHSWo98oPtCb/H2PBnqWDj7zDoSsP4crJ/+QBuUo/1NCAe/OLm/64SzGn
Qlf854f/Q6qxSGdKzb41YOID9gru/HsEPdUgoQIDAQABoF0wWwYJKoZIhvcNAQkO
MU4wTDBKBgNVHREBAf8EQDA+gh1mcm9kby1kZXY0LWFsdDEubXl0ZXN0cnVuLmNv
bYIdZnJvZG8tZGV2NC1hbHQyLm15dGVzdHJ1bi5jb20wDQYJKoZIhvcNAQELBQAD
ggEBAA+TKYR+fNymIrxROdjhp5KzKBt61D/M+MXmG6bCbLwNvKuVk5LUUm59hEi+
ZByCf6/sS4/Oxll4azffb9PnEvJIXVXQ6PxBUZ9Nl1vw9yAVYZ8PYDvKUSuETREX
qTJTKWBSA+rSpJnPW9jpInMa+6anrCgHY5P7vgDnN2itnZ5lRF0cdW1iOeEDLD2P
Jhjq0y4fVnPV07LxfDWZlp2qaxEOHXiXx4MZ/4BIolMFy9uJmkJpP6E11+MDYHik
0uyj2joTYTsD8z1w2mrtR8W50ibP06XVkaUicS062Ku4Hv+Ow/dA+bhg7oSUKovB
DEIjxur2xinv44dgdo7MrPyLzMQ=
-----END CERTIFICATE REQUEST-----
",
    "subject": "C=US/ST=Texas/L=Georgetown/streetAddress=1 Main Street/O=Rockcarver/OU=Frodo Library/CN=frodo-dev4.mytestrun.com/SERIALNUMBER=04/emailAddress=vscheuber@gmail.com/businessCategory=Unit Testing/jurisdictionCountryName=US/jurisdictionLocalityName=Georgetown/jurisdictionStateOrProvinceName=Texas",
    "subjectAlternativeNames": [
      "frodo-dev4-alt1.mytestrun.com",
      "frodo-dev4-alt2.mytestrun.com",
    ],
  },
  {
    "algorithm": "SHA256-RSA",
    "createdDate": "2024-07-31T00:39:01Z",
    "id": "5c199404-291c-4fdc-af2c-bee5c449a84d",
    "request": "-----BEGIN CERTIFICATE REQUEST-----
MIID0DCCArgCAQAwggEsMQswCQYDVQQGEwJVUzEOMAwGA1UECBMFVGV4YXMxEzAR
BgNVBAcTCkdlb3JnZXRvd24xFjAUBgNVBAkTDTEgTWFpbiBTdHJlZXQxEzARBgNV
BAoTClJvY2tjYXJ2ZXIxFjAUBgNVBAsTDUZyb2RvIExpYnJhcnkxITAfBgNVBAMT
GGZyb2RvLWRldjQubXl0ZXN0cnVuLmNvbTELMAkGA1UEBRMCMDQxIjAgBgkqhkiG
9w0BCQEWE3ZzY2hldWJlckBnbWFpbC5jb20xFTATBgNVBA8TDFVuaXQgVGVzdGlu
ZzETMBEGCysGAQQBgjc8AgEDEwJVUzEbMBkGCysGAQQBgjc8AgEBEwpHZW9yZ2V0
b3duMRYwFAYLKwYBBAGCNzwCAQITBVRleGFzMIIBIjANBgkqhkiG9w0BAQEFAAOC
AQ8AMIIBCgKCAQEA4Ww5FbH4pKI7Lq67/sVomuRXTjOX/CTpYA2m+B5HQz0np7i4
YnvKlXw94Hg4R1SvBRcLjJzMv/qXi9Jjanso7ptQLZiftE3xfGky/As53JgO45LX
yF9jqhgCjzZzW4xEivXwULYWS9LxKrZMFdzEQBU/JKgN1qn3nGEQPmA2mcTTSBJ1
8R8OBTbakahNWTkBjKIqAc04a9JLskiYAkcT3ZCevaHzR6Vh83pyFI9QGvPAd9NA
t4IbsT5tTDXN05qLj6m/Ka6FhpxpMN332UeBb/GHLZXcknyG88MyJW+Lp15GcNEE
vikkuigru/V9YA3Q1v3vybyqA0o5CMwS5D8CIwIDAQABoF0wWwYJKoZIhvcNAQkO
MU4wTDBKBgNVHREBAf8EQDA+gh1mcm9kby1kZXY0LWFsdDEubXl0ZXN0cnVuLmNv
bYIdZnJvZG8tZGV2NC1hbHQyLm15dGVzdHJ1bi5jb20wDQYJKoZIhvcNAQELBQAD
ggEBAJp0bypnIv2IxSA8FCftjQ9znWf4OG54+TnH/BhRLVTkQvsRiJwZKie9/DDi
2jAUTY4Cjj7JIPRZz7okyv4qd4hPWv1oteKvZ/om3Zb2Rbu8LKwjLo0DK47ti/Ga
8k9R8naAKKh5c71ErBMGIU9lHI5l0HoKfsfgYJDm/+6OpGV2/20U12nft1EKZlqx
OctzzLw21c9FKrql5ofTNehpUVEbBcX0OgooiGZi6pSwbFAOD1L1phSFlmSFbWv0
SG/6qjONc94XzqH/A48M2PDyjn4/Ss5vvvPD3tz5deuyzb57DBSiwFD9dMDGAZkc
FNquBG9H6RbQzVyyWqaEYFsk2Fo=
-----END CERTIFICATE REQUEST-----
",
    "subject": "C=US/ST=Texas/L=Georgetown/streetAddress=1 Main Street/O=Rockcarver/OU=Frodo Library/CN=frodo-dev4.mytestrun.com/SERIALNUMBER=04/emailAddress=vscheuber@gmail.com/businessCategory=Unit Testing/jurisdictionCountryName=US/jurisdictionLocalityName=Georgetown/jurisdictionStateOrProvinceName=Texas",
    "subjectAlternativeNames": [
      "frodo-dev4-alt1.mytestrun.com",
      "frodo-dev4-alt2.mytestrun.com",
    ],
  },
  {
    "algorithm": "SHA256-RSA",
    "createdDate": "2024-07-31T00:34:49Z",
    "id": "dc53fd32-e760-4f4e-9ee8-d27470ad824d",
    "request": "-----BEGIN CERTIFICATE REQUEST-----
MIID0DCCArgCAQAwggEsMQswCQYDVQQGEwJVUzEOMAwGA1UECBMFVGV4YXMxEzAR
BgNVBAcTCkdlb3JnZXRvd24xFjAUBgNVBAkTDTEgTWFpbiBTdHJlZXQxEzARBgNV
BAoTClJvY2tjYXJ2ZXIxFjAUBgNVBAsTDUZyb2RvIExpYnJhcnkxITAfBgNVBAMT
GGZyb2RvLWRldjQubXl0ZXN0cnVuLmNvbTELMAkGA1UEBRMCMDQxIjAgBgkqhkiG
9w0BCQEWE3ZzY2hldWJlckBnbWFpbC5jb20xFTATBgNVBA8TDFVuaXQgVGVzdGlu
ZzETMBEGCysGAQQBgjc8AgEDEwJVUzEbMBkGCysGAQQBgjc8AgEBEwpHZW9yZ2V0
b3duMRYwFAYLKwYBBAGCNzwCAQITBVRleGFzMIIBIjANBgkqhkiG9w0BAQEFAAOC
AQ8AMIIBCgKCAQEAquO4P+XAYlqkmqtgq2pQi85VW3yO2B4fuy5PDXEPlqWynHuh
sKoF9EISuQX/f8XDbeClfFDNGi8pAsrwAs9LR/DrNGMN5ECzn+Gp2Pqxx5MigEDr
xwlejAJG2JqSyb1LAixF2qwi3r81cuQVYAuvNS9gNsx/pG5LF5Dn46guyQ4p9Ncg
+h4G8urgxpubaTlonKRwFTQAuhBmQ3aB76hxdJLVdQ8VTKVFBHoki2q98xKB7sdx
TQCOmaCQM+c8xVKTbKckpDEKNiPgD64t6vaUqiSmEZZNuq/hXxWVXQntn95HLnTi
URJU3mxUqdqLpo6+BakJB5SdcUqxzmwYtJrEQwIDAQABoF0wWwYJKoZIhvcNAQkO
MU4wTDBKBgNVHREBAf8EQDA+gh1mcm9kby1kZXY0LWFsdDEubXl0ZXN0cnVuLmNv
bYIdZnJvZG8tZGV2NC1hbHQyLm15dGVzdHJ1bi5jb20wDQYJKoZIhvcNAQELBQAD
ggEBAIIX687hzzX10w4+cGM6QJFWfz4cdeWvjxlfZ+y0oZquQtKHxnPtHfL/SI/F
+YjHkvac7Iy/HqU/P3xsbLYJ4nUwOPnHTBcSjUwCxvm6VcSvQskwnRdUz+ckR6Zn
u/Sm7xgGFJAtEA3BbRgmFbq/Jg5CG8/zI9UE9IVYT3wvxOQS0zlc3+q2jy5Sv+9Q
otfER1rYquLwS3Jh5iNM97HG6/ofLN4WlAzORdtfLAfbKhNi95GVQ4Sty/v3mISI
AP6xZxd2OSxt6FLCdLIXsC2XDK5IrI9AZ+5igfiF6rlp7AHxxrakp3R9TdzYQ8B7
ivh09JimbMppLPe4U6F8PVxyfYE=
-----END CERTIFICATE REQUEST-----
",
    "subject": "C=US/ST=Texas/L=Georgetown/streetAddress=1 Main Street/O=Rockcarver/OU=Frodo Library/CN=frodo-dev4.mytestrun.com/SERIALNUMBER=04/emailAddress=vscheuber@gmail.com/businessCategory=Unit Testing/jurisdictionCountryName=US/jurisdictionLocalityName=Georgetown/jurisdictionStateOrProvinceName=Texas",
    "subjectAlternativeNames": [
      "frodo-dev4-alt1.mytestrun.com",
      "frodo-dev4-alt2.mytestrun.com",
    ],
  },
  {
    "algorithm": "SHA256-RSA",
    "createdDate": "2024-07-31T00:27:15Z",
    "id": "bd2d0e69-c786-4879-8fab-85ff60cb2909",
    "request": "-----BEGIN CERTIFICATE REQUEST-----
MIID0DCCArgCAQAwggEsMQswCQYDVQQGEwJVUzEOMAwGA1UECBMFVGV4YXMxEzAR
BgNVBAcTCkdlb3JnZXRvd24xFjAUBgNVBAkTDTEgTWFpbiBTdHJlZXQxEzARBgNV
BAoTClJvY2tjYXJ2ZXIxFjAUBgNVBAsTDUZyb2RvIExpYnJhcnkxITAfBgNVBAMT
GGZyb2RvLWRldjQubXl0ZXN0cnVuLmNvbTELMAkGA1UEBRMCMDQxIjAgBgkqhkiG
9w0BCQEWE3ZzY2hldWJlckBnbWFpbC5jb20xFTATBgNVBA8TDFVuaXQgVGVzdGlu
ZzETMBEGCysGAQQBgjc8AgEDEwJVUzEbMBkGCysGAQQBgjc8AgEBEwpHZW9yZ2V0
b3duMRYwFAYLKwYBBAGCNzwCAQITBVRleGFzMIIBIjANBgkqhkiG9w0BAQEFAAOC
AQ8AMIIBCgKCAQEAnwcJP6IAKY9toXlXFgnnS19Iq2IYn3YRB/2tnZYT6ljLWI17
lTe3aWrdU36i3WqsZ6YWKavFEdy1YXSUFWSaaRzmM97Yf+dsPQNRvFGxJMncumiU
OIpgFQSBMoLBYjb6aUTA1Qr/nv/UM06jCgA7+xstoHa6bJMnZ0j1634dZHjPwF+M
BG8TI1v9eVuCnIAlGc9eTt1T2soJdPL2VzKSYRUgrg2QwKXeRBbUH61CXzn3P+tU
8ScWFJ3PfVheN1ZojO5nv3GRoEPVpyV44yzG8aVls+WN8RCogFfnXEApJyeenPjE
oKP/hdsjKYCBHVTNVCTzFxRpj+dv4xzk5Lr2KQIDAQABoF0wWwYJKoZIhvcNAQkO
MU4wTDBKBgNVHREBAf8EQDA+gh1mcm9kby1kZXY0LWFsdDEubXl0ZXN0cnVuLmNv
bYIdZnJvZG8tZGV2NC1hbHQyLm15dGVzdHJ1bi5jb20wDQYJKoZIhvcNAQELBQAD
ggEBAIzGdsrrKYgBr8co9yq1BQL4F5da3YgKeI/pgVcHc8nWpI6djNxhZVSTFmW9
QH/To6cDqedyOoec2faJNL/HazQ80CRrn+Xz1CvQ8+AJl0G4IWjt8xJiaaA218AQ
rcy5Odnix8JJ4T9MmCaqNoYlFJIBemudHCf0nofmZvr76onMVFmP4V/nePJd9VeW
QoqnkekSihBy6JEF1pD1ZDFq0j1ehV8biL8Q87cIdPDBWEskPpdapqqBMQAljxA6
atWJQlC+DZyw4GVMcx/HVgAD1UCTHyHp0q5rlrzb63QJErMZvgDXLRH1YaO+vL5C
sWpd8BikMVEJSvwYc/Iq1euDXQA=
-----END CERTIFICATE REQUEST-----
",
    "subject": "C=US/ST=Texas/L=Georgetown/streetAddress=1 Main Street/O=Rockcarver/OU=Frodo Library/CN=frodo-dev4.mytestrun.com/SERIALNUMBER=04/emailAddress=vscheuber@gmail.com/businessCategory=Unit Testing/jurisdictionCountryName=US/jurisdictionLocalityName=Georgetown/jurisdictionStateOrProvinceName=Texas",
    "subjectAlternativeNames": [
      "frodo-dev4-alt1.mytestrun.com",
      "frodo-dev4-alt2.mytestrun.com",
    ],
  },
  {
    "algorithm": "SHA256-RSA",
    "createdDate": "2024-07-31T00:23:25Z",
    "id": "4e644241-3df7-4c15-adeb-ce853cbbcc10",
    "request": "-----BEGIN CERTIFICATE REQUEST-----
MIID0DCCArgCAQAwggEsMQswCQYDVQQGEwJVUzEOMAwGA1UECBMFVGV4YXMxEzAR
BgNVBAcTCkdlb3JnZXRvd24xFjAUBgNVBAkTDTEgTWFpbiBTdHJlZXQxEzARBgNV
BAoTClJvY2tjYXJ2ZXIxFjAUBgNVBAsTDUZyb2RvIExpYnJhcnkxITAfBgNVBAMT
GGZyb2RvLWRldjQubXl0ZXN0cnVuLmNvbTELMAkGA1UEBRMCMDQxIjAgBgkqhkiG
9w0BCQEWE3ZzY2hldWJlckBnbWFpbC5jb20xFTATBgNVBA8TDFVuaXQgVGVzdGlu
ZzETMBEGCysGAQQBgjc8AgEDEwJVUzEbMBkGCysGAQQBgjc8AgEBEwpHZW9yZ2V0
b3duMRYwFAYLKwYBBAGCNzwCAQITBVRleGFzMIIBIjANBgkqhkiG9w0BAQEFAAOC
AQ8AMIIBCgKCAQEAlkTWKlXUvZpXUExiGBurDtY9WTh/WnCOkuMxSlAplfTR+x5j
pMRFiIp78m7grbii5K08MTFdpycxDbP8ixc6WcqaMycQcUxYZQ7T5ilb/GE1/cjJ
YjYeNCAeIxyCR1ehIMPcV8F6jH9FCl3BYul+H0t7EPHeggVt576pY/ZobERjFvbl
QC9YHd7/2ArsKcCHfrSxgX0WpfXQK71n29ea6PHIQQGVnXk4AXpDQzGyf/0Zvw1x
GkJlh9abwwPy0EQfoZM5KoBYcS0XRolzA9mZ1JJrVLJzQC9pPYjNRkQlwxOKFXLv
asQM3yTqztzc04FrxR9uXuI38ofhxiLBbpRxlwIDAQABoF0wWwYJKoZIhvcNAQkO
MU4wTDBKBgNVHREBAf8EQDA+gh1mcm9kby1kZXY0LWFsdDEubXl0ZXN0cnVuLmNv
bYIdZnJvZG8tZGV2NC1hbHQyLm15dGVzdHJ1bi5jb20wDQYJKoZIhvcNAQELBQAD
ggEBAAmwd9wWD8VvEqFAj5K8d0V018wri9hQZDDq+wau1eflj6moMRPDjPZaml3D
qCvVOctVhnmvELIo6qhEKjKedaVCfkF+vS15RK2+n6IKQfTFfCsWw6xwJ+4+HpAD
NOgGHjWdCoVrnuWXY8PgUhBvBgwZVJ4B2RVInIoXaPhH8uW95uSVb+pc9OPN3S58
JlbV5mVrzHuWoanEHQ4w4tkKPQt7qX//8SPPAMT+ncWDBlLOT0O7ZzWCrhJCoA8Y
dVnRtHs+q/2PdbMMFy2eFY7q46pfxhc4UOTQc22ysxD4IQSAoZPqNWbanObQPpNe
U/8qrEUVwEsQ6owctSsKGd2aSUE=
-----END CERTIFICATE REQUEST-----
",
    "subject": "C=US/ST=Texas/L=Georgetown/streetAddress=1 Main Street/O=Rockcarver/OU=Frodo Library/CN=frodo-dev4.mytestrun.com/SERIALNUMBER=04/emailAddress=vscheuber@gmail.com/businessCategory=Unit Testing/jurisdictionCountryName=US/jurisdictionLocalityName=Georgetown/jurisdictionStateOrProvinceName=Texas",
    "subjectAlternativeNames": [
      "frodo-dev4-alt1.mytestrun.com",
      "frodo-dev4-alt2.mytestrun.com",
    ],
  },
  {
    "algorithm": "SHA256-RSA",
    "createdDate": "2024-07-31T00:17:28Z",
    "id": "4628e652-d4d7-4ad2-a8a9-6c50ac122fac",
    "request": "-----BEGIN CERTIFICATE REQUEST-----
MIID0DCCArgCAQAwggEsMQswCQYDVQQGEwJVUzEOMAwGA1UECBMFVGV4YXMxEzAR
BgNVBAcTCkdlb3JnZXRvd24xFjAUBgNVBAkTDTEgTWFpbiBTdHJlZXQxEzARBgNV
BAoTClJvY2tjYXJ2ZXIxFjAUBgNVBAsTDUZyb2RvIExpYnJhcnkxITAfBgNVBAMT
GGZyb2RvLWRldjQubXl0ZXN0cnVuLmNvbTELMAkGA1UEBRMCMDQxIjAgBgkqhkiG
9w0BCQEWE3ZzY2hldWJlckBnbWFpbC5jb20xFTATBgNVBA8TDFVuaXQgVGVzdGlu
ZzETMBEGCysGAQQBgjc8AgEDEwJVUzEbMBkGCysGAQQBgjc8AgEBEwpHZW9yZ2V0
b3duMRYwFAYLKwYBBAGCNzwCAQITBVRleGFzMIIBIjANBgkqhkiG9w0BAQEFAAOC
AQ8AMIIBCgKCAQEApdX3nMpO4DSIzB6JY0yiqcv3mgN4HjyYZHSwh8Ik73R4i1Dt
ZAOoG4DUI/fIEpZWdlgFEeqVmqbpF+HviWO3KgJVllJUyP/5rQv6/lo2OXFEIvlQ
CkbDbOpLH6z04gjdB/KNDk3ldP7Bwtj4gXOXzoag0hlltTgoDtScwRzPIImtIn1v
/JozCjKBLKvLqA7E/c1ATbh21Q+gAOTcvMpTGGlxrArHPzHeN4Kucj5AruJ+Dayq
3knqR6ygwJTBpZOfqwVJcbkP9SRnUnbY9Fo+HXbAQKEgX94WMcRthKufTq3tu0CF
mbTsjw/WQPHuqDyvC6jJ6dNFxhvKTdtkC7dBBQIDAQABoF0wWwYJKoZIhvcNAQkO
MU4wTDBKBgNVHREBAf8EQDA+gh1mcm9kby1kZXY0LWFsdDEubXl0ZXN0cnVuLmNv
bYIdZnJvZG8tZGV2NC1hbHQyLm15dGVzdHJ1bi5jb20wDQYJKoZIhvcNAQELBQAD
ggEBAC9E5ixhssuBnJCAle+xaAFJFIpcgHfUcVNXliK83MoxR70bFfQj+q/HvG6t
mu42o+MOP8lpIUfDQ341uneAESFGBDYf6XS6mtFae62btkENUg4nmoYbG1GzQAuD
tW2//QKaMngzGBcKBHu3zTD0UAHJDaYKZOjQHDrHbei056cGF7fQMWCzgph9zX2k
dh5+WTcYWOyw7d8AmOgUlFxc8bz53r3YkY22mTt1wqwFLJ+pQrngrGWAvvhn+z3S
2wEt8Wot3qV/ytH7ifXuZ0scbDcBKNu4Ig5ycCjmy98CXyZztvP5d21RrDm8RzqD
yF5CcgPyltBul867GRKn+R9Y9uM=
-----END CERTIFICATE REQUEST-----
",
    "subject": "C=US/ST=Texas/L=Georgetown/streetAddress=1 Main Street/O=Rockcarver/OU=Frodo Library/CN=frodo-dev4.mytestrun.com/SERIALNUMBER=04/emailAddress=vscheuber@gmail.com/businessCategory=Unit Testing/jurisdictionCountryName=US/jurisdictionLocalityName=Georgetown/jurisdictionStateOrProvinceName=Texas",
    "subjectAlternativeNames": [
      "frodo-dev4-alt1.mytestrun.com",
      "frodo-dev4-alt2.mytestrun.com",
    ],
  },
  {
    "algorithm": "SHA256-RSA",
    "createdDate": "2024-07-31T00:13:37Z",
    "id": "2951bfb9-67b9-4404-88ac-283fd81e2191",
    "request": "-----BEGIN CERTIFICATE REQUEST-----
MIID0DCCArgCAQAwggEsMQswCQYDVQQGEwJVUzEOMAwGA1UECBMFVGV4YXMxEzAR
BgNVBAcTCkdlb3JnZXRvd24xFjAUBgNVBAkTDTEgTWFpbiBTdHJlZXQxEzARBgNV
BAoTClJvY2tjYXJ2ZXIxFjAUBgNVBAsTDUZyb2RvIExpYnJhcnkxITAfBgNVBAMT
GGZyb2RvLWRldjQubXl0ZXN0cnVuLmNvbTELMAkGA1UEBRMCMDQxIjAgBgkqhkiG
9w0BCQEWE3ZzY2hldWJlckBnbWFpbC5jb20xFTATBgNVBA8TDFVuaXQgVGVzdGlu
ZzETMBEGCysGAQQBgjc8AgEDEwJVUzEbMBkGCysGAQQBgjc8AgEBEwpHZW9yZ2V0
b3duMRYwFAYLKwYBBAGCNzwCAQITBVRleGFzMIIBIjANBgkqhkiG9w0BAQEFAAOC
AQ8AMIIBCgKCAQEAw3cLLYZeC8NPVWZ0qvUuNKl8Y76+RRDigTTaz+MO2ymaT3ye
uhF/rgukha50vpjIMd0FQTGlOBGI+xtb4XcY2tXQcqC88Jl/Wq100QTOGXelyIcK
PW9seqaXSJdv8qs89k9Hf5/05n90QD6FoYPpZOwQGfeFr+GotSzHcIj2J5jeDy/O
OmjaPCcsdKJ5T0ozvxY0HEeJcZuC98QdaM5ka4xvxqY7S4zj5MueqSeuTpOiDtdc
QFwpYcnW8ndFyZrazrz/5BXzRtM+0OdxjSMqvX34gC4TJsylp8xGrLQIdcslK9mQ
ieA5IRFMZSsCyga7HeO80mSs0GrudFVlOFZSqQIDAQABoF0wWwYJKoZIhvcNAQkO
MU4wTDBKBgNVHREBAf8EQDA+gh1mcm9kby1kZXY0LWFsdDEubXl0ZXN0cnVuLmNv
bYIdZnJvZG8tZGV2NC1hbHQyLm15dGVzdHJ1bi5jb20wDQYJKoZIhvcNAQELBQAD
ggEBAAokN2pgifG7cfQwzvWZT5EnN5AUAlgKpj2DidRUjL7nmNwbpAEmoC5BFnWN
yZBpCbJcfA6wlpSI2I28jg2tqg1RGwHInnJEo4gAL0IKlBUjwu1K3efhPc+5KnU5
eXZ+9V8Myz0iBwhThL6zU6M6bOZrpdgHBMw5IqQ8UJ4R5ADDhhcVacWhajjL2Ch7
CsJWAPqCFs9fobiLOCnLRj2iwdqBZpVVJHxaN7G2edRyrOkxL1MXxW53v9yuriRX
liybb+PRG2JfrqOnKewokDiGIQ9c1NsLBteVEkLPCeHNIM71XEGb4jLunbysADhO
mJX7zBL83gFy1v/37AJaF622EEw=
-----END CERTIFICATE REQUEST-----
",
    "subject": "C=US/ST=Texas/L=Georgetown/streetAddress=1 Main Street/O=Rockcarver/OU=Frodo Library/CN=frodo-dev4.mytestrun.com/SERIALNUMBER=04/emailAddress=vscheuber@gmail.com/businessCategory=Unit Testing/jurisdictionCountryName=US/jurisdictionLocalityName=Georgetown/jurisdictionStateOrProvinceName=Texas",
    "subjectAlternativeNames": [
      "frodo-dev4-alt1.mytestrun.com",
      "frodo-dev4-alt2.mytestrun.com",
    ],
  },
  {
    "algorithm": "SHA256-RSA",
    "createdDate": "2024-07-30T23:55:50Z",
    "id": "87c41243-ce74-4c91-8bdb-6ba026ff8fe4",
    "request": "-----BEGIN CERTIFICATE REQUEST-----
MIID0DCCArgCAQAwggEsMQswCQYDVQQGEwJVUzEOMAwGA1UECBMFVGV4YXMxEzAR
BgNVBAcTCkdlb3JnZXRvd24xFjAUBgNVBAkTDTEgTWFpbiBTdHJlZXQxEzARBgNV
BAoTClJvY2tjYXJ2ZXIxFjAUBgNVBAsTDUZyb2RvIExpYnJhcnkxITAfBgNVBAMT
GGZyb2RvLWRldjQubXl0ZXN0cnVuLmNvbTELMAkGA1UEBRMCMDQxIjAgBgkqhkiG
9w0BCQEWE3ZzY2hldWJlckBnbWFpbC5jb20xFTATBgNVBA8TDFVuaXQgVGVzdGlu
ZzETMBEGCysGAQQBgjc8AgEDEwJVUzEbMBkGCysGAQQBgjc8AgEBEwpHZW9yZ2V0
b3duMRYwFAYLKwYBBAGCNzwCAQITBVRleGFzMIIBIjANBgkqhkiG9w0BAQEFAAOC
AQ8AMIIBCgKCAQEAzS/liVCaoWgOPWvo4WtLKC9ZYFLsmq7iZjcEfIff4KBlXwdk
+ryhFE9L9RpQQGQKLSws2eCS31eYQBFpTR/FoXA3ezbxSG3dWzys/kfDOtjV4Xpy
IC1mgRNvWUhvBBg57nv9Uw3r/C/iKWMcFPFmTunkO+jlR1MEt0/fs56TH1i3Mq6T
wecEuy03glap87Zpx28Oo1pveH5l7P352aoiSv+ZOGH73GamEiQewFUIZx99iT9+
qDYjwELAI8L19mD7LvK819oP3w3cu1xsjxX5Mo2GYJObibg3PIQvisTr65Q4JNE7
ZLUXdUAHfsSe+nidvTcIdbtOTwmvQBlYDjsm6wIDAQABoF0wWwYJKoZIhvcNAQkO
MU4wTDBKBgNVHREBAf8EQDA+gh1mcm9kby1kZXY0LWFsdDEubXl0ZXN0cnVuLmNv
bYIdZnJvZG8tZGV2NC1hbHQyLm15dGVzdHJ1bi5jb20wDQYJKoZIhvcNAQELBQAD
ggEBAAsZuFoKuDNyE1kSoIBgmcMJyinYMLL45fVRpBPfCLjU4A0zdsjV0TBDVLrU
rCQ4uwlqXF88JIXk+b2UYtxzRATKDdc8hEEdD2cYDaepWaa0Uiz1syxuarZwUzl2
KBpCNyzc7AORTLGNBCW2WqMGmnHIvIdms5rPaI4w1a9cX9C+BtYIMzcVt+8Ve3QH
GO15XKOxqCOG8khQlJOH+JwctmfwVqmFPI8fMA6vYi0Vw9yd3p9XEDUkzVbKxO06
w36j7T8PlrAT+qphXcWo2G7qHUV+oqJkJQ90Euzj6fJm8Zu2tKHgM6FB6XLNVl1k
Wq2zuDIE2GMkqPFJoiZybDrMWDA=
-----END CERTIFICATE REQUEST-----
",
    "subject": "C=US/ST=Texas/L=Georgetown/streetAddress=1 Main Street/O=Rockcarver/OU=Frodo Library/CN=frodo-dev4.mytestrun.com/SERIALNUMBER=04/emailAddress=vscheuber@gmail.com/businessCategory=Unit Testing/jurisdictionCountryName=US/jurisdictionLocalityName=Georgetown/jurisdictionStateOrProvinceName=Texas",
    "subjectAlternativeNames": [
      "frodo-dev4-alt1.mytestrun.com",
      "frodo-dev4-alt2.mytestrun.com",
    ],
  },
  {
    "algorithm": "SHA256-RSA",
    "createdDate": "2024-07-30T23:52:43Z",
    "id": "c882abaa-0aa4-429d-a150-eb2a042d44f3",
    "request": "-----BEGIN CERTIFICATE REQUEST-----
MIID0DCCArgCAQAwggEsMQswCQYDVQQGEwJVUzEOMAwGA1UECBMFVGV4YXMxEzAR
BgNVBAcTCkdlb3JnZXRvd24xFjAUBgNVBAkTDTEgTWFpbiBTdHJlZXQxEzARBgNV
BAoTClJvY2tjYXJ2ZXIxFjAUBgNVBAsTDUZyb2RvIExpYnJhcnkxITAfBgNVBAMT
GGZyb2RvLWRldjQubXl0ZXN0cnVuLmNvbTELMAkGA1UEBRMCMDQxIjAgBgkqhkiG
9w0BCQEWE3ZzY2hldWJlckBnbWFpbC5jb20xFTATBgNVBA8TDFVuaXQgVGVzdGlu
ZzETMBEGCysGAQQBgjc8AgEDEwJVUzEbMBkGCysGAQQBgjc8AgEBEwpHZW9yZ2V0
b3duMRYwFAYLKwYBBAGCNzwCAQITBVRleGFzMIIBIjANBgkqhkiG9w0BAQEFAAOC
AQ8AMIIBCgKCAQEAzL5aB12RIlOS9KddkHwOydTNEXv0xg4J0H8Q7Jxqs1bMlX6c
KmPy6mF7ZnEfyBpqWJw5U1f/0Y422GYKpuBS34Xn+yozwKhwqMg+OQZsVwsTz0qg
KfynqrkGxnJt7TOBsTly1paQOiB3hCLq9htXMo2TjxeGSJMMcbS/NEm8pesHNnx5
DAm5vXrhNXmfjVlu9EOQhyNqMRvvNTvYbu6/KuoTWDfUVoAzk+xeK66xfDiB0UxL
H38+RmSutfIN8iarBkrmQacPNzVLsDOQF4eLSKYnOAZ5JDwi0v82aTQJesfFBKQW
vW03hRJKKDks345Qg1dDC+6V/8yxwfd1VINY9QIDAQABoF0wWwYJKoZIhvcNAQkO
MU4wTDBKBgNVHREBAf8EQDA+gh1mcm9kby1kZXY0LWFsdDEubXl0ZXN0cnVuLmNv
bYIdZnJvZG8tZGV2NC1hbHQyLm15dGVzdHJ1bi5jb20wDQYJKoZIhvcNAQELBQAD
ggEBACj8YH79JXn0SgXzFIRTdM/iEbW4NrvSTe9J/yUXsK/QNKSDMbByhqMlGuBs
fuTgaTqS7/43HGHOd9T8R6U8oxU5PXOK51W7vtVOdFR0TK5VlT9TDNf2aFkExVNA
gpdzgQgRLgteDOaOQSfHI6wiFvcV39urcjTM2HcmBFVWtHRgiWbcQUEQ+iBuALbg
rvWVMirwXnEZCYNrFOJwlkxYnabqan77b2NjEFg8AbVktLV95kWXoJCBIjO5Qjra
qA9wdhDAM0RQneyG8GM4EdUg14K/9I53TjlbYkEg3kUnlE/uIvow/FvnrZegRT+X
areNNi+a1Po17h8p49RnNUvGAsc=
-----END CERTIFICATE REQUEST-----
",
    "subject": "C=US/ST=Texas/L=Georgetown/streetAddress=1 Main Street/O=Rockcarver/OU=Frodo Library/CN=frodo-dev4.mytestrun.com/SERIALNUMBER=04/emailAddress=vscheuber@gmail.com/businessCategory=Unit Testing/jurisdictionCountryName=US/jurisdictionLocalityName=Georgetown/jurisdictionStateOrProvinceName=Texas",
    "subjectAlternativeNames": [
      "frodo-dev4-alt1.mytestrun.com",
      "frodo-dev4-alt2.mytestrun.com",
    ],
  },
  {
    "algorithm": "SHA256-RSA",
    "createdDate": "2024-07-30T23:51:03Z",
    "id": "51f3182a-b5bd-453a-9f3a-4c5489817fff",
    "request": "-----BEGIN CERTIFICATE REQUEST-----
MIID0DCCArgCAQAwggEsMQswCQYDVQQGEwJVUzEOMAwGA1UECBMFVGV4YXMxEzAR
BgNVBAcTCkdlb3JnZXRvd24xFjAUBgNVBAkTDTEgTWFpbiBTdHJlZXQxEzARBgNV
BAoTClJvY2tjYXJ2ZXIxFjAUBgNVBAsTDUZyb2RvIExpYnJhcnkxITAfBgNVBAMT
GGZyb2RvLWRldjQubXl0ZXN0cnVuLmNvbTELMAkGA1UEBRMCMDQxIjAgBgkqhkiG
9w0BCQEWE3ZzY2hldWJlckBnbWFpbC5jb20xFTATBgNVBA8TDFVuaXQgVGVzdGlu
ZzETMBEGCysGAQQBgjc8AgEDEwJVUzEbMBkGCysGAQQBgjc8AgEBEwpHZW9yZ2V0
b3duMRYwFAYLKwYBBAGCNzwCAQITBVRleGFzMIIBIjANBgkqhkiG9w0BAQEFAAOC
AQ8AMIIBCgKCAQEA02YSWQ3q6xESI0m0EC7GbbNvUuL75ZFf+AOHqV72yPSqDAIW
DWoqq3aSjbIpELnHw8g2O0KLNgqy4e2fcsisiCDD91AxlaZthIIj7A4n8rQkOWXN
oDmuT+TAXZ7rcGv4PLw3pQh9vRtMP6sY5T4LPIQKkEWURv7dZl7MhWSmrG6Kudc4
frvvVdCduJh8BOnNjCicWGzWpKLU1vX6BL05uYOzMctn7hC8qsSvjgWMBZwM9g9f
4zhliFwyjFCjoDvAFNzRecDC+gLmnIsaPLP32qYfOqHXFLgO3Z2kf+A985aiJnAB
4f8z18KX6GcpjiMdpPNQ9K0Y7JtCrSZ/tSePxQIDAQABoF0wWwYJKoZIhvcNAQkO
MU4wTDBKBgNVHREBAf8EQDA+gh1mcm9kby1kZXY0LWFsdDEubXl0ZXN0cnVuLmNv
bYIdZnJvZG8tZGV2NC1hbHQyLm15dGVzdHJ1bi5jb20wDQYJKoZIhvcNAQELBQAD
ggEBAMiqeQj8rvtlTjx6/61ecUa3mLjOeQg9M0BJcRCVciPvGbXZF6vUxSFq39r5
094hu2L94WYzxT7cXnqlHoHffg9kmtcApd+rW64wkIZ4JuVomBDzWDDjOZqhO9Q7
bVvDqwEp6jOmEv99Ug9nOYKmAV0Msq7V3VoilrM2lWadBCXniQeXRBWXf2ThtJAh
lJJ4CeQb7fDJUjbbFDqPPcuHRW/S0PsNPQqBumwaJv9E8C2e6pA2veAhO48ap+3+
RL4rLUqP4Z9764xkzrsQ+tvjiLq+CnE1n3yQPQMQYOtKAYHohN6G+K8jSJdhwiNN
LpRC1nP44xrZEiA8mzpb8C2++9M=
-----END CERTIFICATE REQUEST-----
",
    "subject": "C=US/ST=Texas/L=Georgetown/streetAddress=1 Main Street/O=Rockcarver/OU=Frodo Library/CN=frodo-dev4.mytestrun.com/SERIALNUMBER=04/emailAddress=vscheuber@gmail.com/businessCategory=Unit Testing/jurisdictionCountryName=US/jurisdictionLocalityName=Georgetown/jurisdictionStateOrProvinceName=Texas",
    "subjectAlternativeNames": [
      "frodo-dev4-alt1.mytestrun.com",
      "frodo-dev4-alt2.mytestrun.com",
    ],
  },
  {
    "algorithm": "SHA256-RSA",
    "createdDate": "2024-07-30T23:49:09Z",
    "id": "c5fa28ea-cadc-461f-a50c-1d8ed8e2e516",
    "request": "-----BEGIN CERTIFICATE REQUEST-----
MIID0DCCArgCAQAwggEsMQswCQYDVQQGEwJVUzEOMAwGA1UECBMFVGV4YXMxEzAR
BgNVBAcTCkdlb3JnZXRvd24xFjAUBgNVBAkTDTEgTWFpbiBTdHJlZXQxEzARBgNV
BAoTClJvY2tjYXJ2ZXIxFjAUBgNVBAsTDUZyb2RvIExpYnJhcnkxITAfBgNVBAMT
GGZyb2RvLWRldjQubXl0ZXN0cnVuLmNvbTELMAkGA1UEBRMCMDQxIjAgBgkqhkiG
9w0BCQEWE3ZzY2hldWJlckBnbWFpbC5jb20xFTATBgNVBA8TDFVuaXQgVGVzdGlu
ZzETMBEGCysGAQQBgjc8AgEDEwJVUzEbMBkGCysGAQQBgjc8AgEBEwpHZW9yZ2V0
b3duMRYwFAYLKwYBBAGCNzwCAQITBVRleGFzMIIBIjANBgkqhkiG9w0BAQEFAAOC
AQ8AMIIBCgKCAQEAsxP2+EcBSbmBDIdbffmXNSP+kcaFYQUXceVgjU1CxqA2ucKQ
vsEutqflTZ6sV3G7d1EOCNdJ8cbl5vO2q9csQ8FnCky51Cv2JkyZ2J3l7PmgldYb
b7/TAhzQfB+urdUuFl4Gcp15UWfKWdx5pH/vw+M9GfRbiJIoAsQ4aCGyz03Mufxv
f5zhe4rPtMgcgb3JqtfSjOgpIAP+eNIu5I8jrG97FnGEZ0GlARMXl6aQzKg+Di1y
UY60iap990I4bQNl1zCQw7symskaS14VMEph/XaMlVldDQ/z6+RUv9bXkIr9Q1WJ
+Lpgs9RnXk9CJ+RB5T6MWidRV1r4lahdgio4EwIDAQABoF0wWwYJKoZIhvcNAQkO
MU4wTDBKBgNVHREBAf8EQDA+gh1mcm9kby1kZXY0LWFsdDEubXl0ZXN0cnVuLmNv
bYIdZnJvZG8tZGV2NC1hbHQyLm15dGVzdHJ1bi5jb20wDQYJKoZIhvcNAQELBQAD
ggEBAJOrJR2pO5gIQ9mjkIo8r1orvl+nko2sWZgcLfpXI71+2oT7Sx5/5gA9TRDd
NFiDtBgNBYchkn9g6Gymcj47FpNF0cVbXn3E8/2DRCEft9mL49diba5cIapXG6da
VtU9It65T2/ENj9d0S2/dG8FgRKvtt6dJR1Pok4HinfkF8tSqgKJXo8i3Taq9S3z
pfmjTzL3i2kvscmmoex6GvW4atFsZQlWpM3frwa83PLR3ZMGVGR6zeTWKjmdluqu
OFrH4dJntjR1Egu5mLo5Nco/smUY5qpdGKJS7oBjbq47RVc8WE7OgGKRYsBqa0A2
65GsXco7Gy5a6bY0URCMN7i46gU=
-----END CERTIFICATE REQUEST-----
",
    "subject": "C=US/ST=Texas/L=Georgetown/streetAddress=1 Main Street/O=Rockcarver/OU=Frodo Library/CN=frodo-dev4.mytestrun.com/SERIALNUMBER=04/emailAddress=vscheuber@gmail.com/businessCategory=Unit Testing/jurisdictionCountryName=US/jurisdictionLocalityName=Georgetown/jurisdictionStateOrProvinceName=Texas",
    "subjectAlternativeNames": [
      "frodo-dev4-alt1.mytestrun.com",
      "frodo-dev4-alt2.mytestrun.com",
    ],
  },
  {
    "algorithm": "SHA256-RSA",
    "createdDate": "2024-07-30T23:46:09Z",
    "id": "f60c84ed-e1e5-42e2-883d-e1464b8b0818",
    "request": "-----BEGIN CERTIFICATE REQUEST-----
MIID0DCCArgCAQAwggEsMQswCQYDVQQGEwJVUzEOMAwGA1UECBMFVGV4YXMxEzAR
BgNVBAcTCkdlb3JnZXRvd24xFjAUBgNVBAkTDTEgTWFpbiBTdHJlZXQxEzARBgNV
BAoTClJvY2tjYXJ2ZXIxFjAUBgNVBAsTDUZyb2RvIExpYnJhcnkxITAfBgNVBAMT
GGZyb2RvLWRldjQubXl0ZXN0cnVuLmNvbTELMAkGA1UEBRMCMDQxIjAgBgkqhkiG
9w0BCQEWE3ZzY2hldWJlckBnbWFpbC5jb20xFTATBgNVBA8TDFVuaXQgVGVzdGlu
ZzETMBEGCysGAQQBgjc8AgEDEwJVUzEbMBkGCysGAQQBgjc8AgEBEwpHZW9yZ2V0
b3duMRYwFAYLKwYBBAGCNzwCAQITBVRleGFzMIIBIjANBgkqhkiG9w0BAQEFAAOC
AQ8AMIIBCgKCAQEAojbzuui16iN244/2UAilOiJsvkEKygyYTDtSxoxpIxkcK5QE
Z29jaljFsFy9KMxf6FuNgPm1stDwh+NKanNCn9W0ZbAKu2DD2od8WKVdu8XfucGk
8osE1R9m7MdtURGkYNnTBnmuDrnEqYqPvvvt6AcybdgFksJJx5w6Sv0RdCDwUxC0
y3izQtUip9mKiAjLifRRkIrkNJqZGl0A3COh5IOc5TODCScI9P/BJtMq0D3JlB8Q
8y8AE3HQEH90N3Zm8hmjLFp9IvsGFfBqCSk6T8KbDzblOxKFoSGgvtg2/1RPi/mA
NE5VcEUXdqBdyCwMdgrlMLsE0FlZpeXsUe5utwIDAQABoF0wWwYJKoZIhvcNAQkO
MU4wTDBKBgNVHREBAf8EQDA+gh1mcm9kby1kZXY0LWFsdDEubXl0ZXN0cnVuLmNv
bYIdZnJvZG8tZGV2NC1hbHQyLm15dGVzdHJ1bi5jb20wDQYJKoZIhvcNAQELBQAD
ggEBAB+XJ4x06DD1J3IF7qcRCloTpBIK7Zs1r/EFzdAy22Mz83Nl7ZOHk1NOH4U8
xV9IapGx0f8tf2dUnY78y4ke87LW9H6JCz2p7AW9pgqO9gBrx4f+YKcyG73NO/pF
q/3ffQz7B5gMyLnOFO5SbjEV6M3tZ3l4zVQ5KPe94zV51ZKbc2psW3MfkzBGAz5U
r4dxz2GRHBU0Ki1T/kMBBTrhIJAnCR5TkaDijo7KpJl5UsNL0ANzuAHcrqEHzh8s
17QkMOYlbVqqItHVWju/wyCmll7PbjdssxpNFj9VJ1BeO5FHBywCbnRTFouk9XgL
VK82VRUAxtpiUgCRaG7OruVMmUE=
-----END CERTIFICATE REQUEST-----
",
    "subject": "C=US/ST=Texas/L=Georgetown/streetAddress=1 Main Street/O=Rockcarver/OU=Frodo Library/CN=frodo-dev4.mytestrun.com/SERIALNUMBER=04/emailAddress=vscheuber@gmail.com/businessCategory=Unit Testing/jurisdictionCountryName=US/jurisdictionLocalityName=Georgetown/jurisdictionStateOrProvinceName=Texas",
    "subjectAlternativeNames": [
      "frodo-dev4-alt1.mytestrun.com",
      "frodo-dev4-alt2.mytestrun.com",
    ],
  },
  {
    "algorithm": "SHA256-RSA",
    "createdDate": "2024-07-30T23:44:08Z",
    "id": "cc5a9cda-d6d1-410a-b0c5-0bf3c24b0b83",
    "request": "-----BEGIN CERTIFICATE REQUEST-----
MIID0DCCArgCAQAwggEsMQswCQYDVQQGEwJVUzEOMAwGA1UECBMFVGV4YXMxEzAR
BgNVBAcTCkdlb3JnZXRvd24xFjAUBgNVBAkTDTEgTWFpbiBTdHJlZXQxEzARBgNV
BAoTClJvY2tjYXJ2ZXIxFjAUBgNVBAsTDUZyb2RvIExpYnJhcnkxITAfBgNVBAMT
GGZyb2RvLWRldjQubXl0ZXN0cnVuLmNvbTELMAkGA1UEBRMCMDQxIjAgBgkqhkiG
9w0BCQEWE3ZzY2hldWJlckBnbWFpbC5jb20xFTATBgNVBA8TDFVuaXQgVGVzdGlu
ZzETMBEGCysGAQQBgjc8AgEDEwJVUzEbMBkGCysGAQQBgjc8AgEBEwpHZW9yZ2V0
b3duMRYwFAYLKwYBBAGCNzwCAQITBVRleGFzMIIBIjANBgkqhkiG9w0BAQEFAAOC
AQ8AMIIBCgKCAQEApMl2iw6M2Zx5WIdBHhV1ijgJdwAnVwKkyxteMJQsMjDTHaDn
7uhuSMtEY5fy+dn7N4ndxZHE7NRyGDPN2z3Ilrxlc4SIfDg/A4GVTWPDI8F+yMs0
nGA7XzPnAdsDb2ABKIR0w243k9aPgdTf3+kKW/w+gCPFpWt6cy2i8yJiRTXTB5LC
lFZsYJdS/DENQpIGxLCxAc7Fb0DKyKWj6Q4hs0qwLrXIWt4RlnCLR3ZZ7BBh10ou
cIgwHspmmZFhnc+PlPr3kVQA4ZuUVoqJZPs6l9Q0EjqbNwerSVEYNDvfUuVU/mUl
QoCPVnwCaAx1Q+TZEzpU+nllNzVbd/XgWRW0ywIDAQABoF0wWwYJKoZIhvcNAQkO
MU4wTDBKBgNVHREBAf8EQDA+gh1mcm9kby1kZXY0LWFsdDEubXl0ZXN0cnVuLmNv
bYIdZnJvZG8tZGV2NC1hbHQyLm15dGVzdHJ1bi5jb20wDQYJKoZIhvcNAQELBQAD
ggEBAHS41Nq7QqleuD1NklTPEbkNvfJSvlmTCVFwRZ+g7E1FtyQ8Nyli0BZ33Kmp
6JYlbt2nmcyuFm4DTEviHvT8SGQpKnPc7io883uQP3L7JrGkI+4E+WYaFtZO/U7/
LGhXegH0eMVO8ZGBZzEo/RofuzD48QOT9DZMmAGpcbu5m2LF/hjIVS3XVGVihhjo
00LR7XlyDpG5tmFaCQtzjkJ1xs20FvnmwAd770OjR2Y+ifxwuYd/jpwI5uxxk95h
49lcglohDjmw5uzLErWmL7y0C/ussW2B5b7SAIC+11okTcECVe7NxaeI/gKPV1qS
j0nw+FP/utw2Uc/enU3+19gce8Y=
-----END CERTIFICATE REQUEST-----
",
    "subject": "C=US/ST=Texas/L=Georgetown/streetAddress=1 Main Street/O=Rockcarver/OU=Frodo Library/CN=frodo-dev4.mytestrun.com/SERIALNUMBER=04/emailAddress=vscheuber@gmail.com/businessCategory=Unit Testing/jurisdictionCountryName=US/jurisdictionLocalityName=Georgetown/jurisdictionStateOrProvinceName=Texas",
    "subjectAlternativeNames": [
      "frodo-dev4-alt1.mytestrun.com",
      "frodo-dev4-alt2.mytestrun.com",
    ],
  },
  {
    "algorithm": "SHA256-RSA",
    "createdDate": "2024-07-30T23:43:17Z",
    "id": "db70160d-e0da-42c9-a237-4efa5eb8e715",
    "request": "-----BEGIN CERTIFICATE REQUEST-----
MIID0DCCArgCAQAwggEsMQswCQYDVQQGEwJVUzEOMAwGA1UECBMFVGV4YXMxEzAR
BgNVBAcTCkdlb3JnZXRvd24xFjAUBgNVBAkTDTEgTWFpbiBTdHJlZXQxEzARBgNV
BAoTClJvY2tjYXJ2ZXIxFjAUBgNVBAsTDUZyb2RvIExpYnJhcnkxITAfBgNVBAMT
GGZyb2RvLWRldjQubXl0ZXN0cnVuLmNvbTELMAkGA1UEBRMCMDQxIjAgBgkqhkiG
9w0BCQEWE3ZzY2hldWJlckBnbWFpbC5jb20xFTATBgNVBA8TDFVuaXQgVGVzdGlu
ZzETMBEGCysGAQQBgjc8AgEDEwJVUzEbMBkGCysGAQQBgjc8AgEBEwpHZW9yZ2V0
b3duMRYwFAYLKwYBBAGCNzwCAQITBVRleGFzMIIBIjANBgkqhkiG9w0BAQEFAAOC
AQ8AMIIBCgKCAQEA0WIg04QGkxeC8qh8piNLB8xP1vlgjJ/TrghdW+oYPe4C4oB2
N7Na5VES2jQUKcmoweFte3qGZ5ayXsxk7hMvJYmpXLd71UdCM7+k0BGXwrtHL2Wx
bHAuyCO0USNoURPoGdgMCPa3koydb3BaJpBWSV0kjI2sqjqhQTU1d2NpcNB1RQz3
ZLboFgYz80P/i8NID4ccvy5LBg1jahCpaQviHMxJfZRX0JseuPgOKdz23aYti0RZ
m3c/A4Ln+aM5qFZh5JQB/m9atwMbnUvArydn/Y0y415f0ikcEio2kg7cBT5hTLs6
KtP0SFlNCpvv20g8zub6RGDY1yZ4c+4MtijcbQIDAQABoF0wWwYJKoZIhvcNAQkO
MU4wTDBKBgNVHREBAf8EQDA+gh1mcm9kby1kZXY0LWFsdDEubXl0ZXN0cnVuLmNv
bYIdZnJvZG8tZGV2NC1hbHQyLm15dGVzdHJ1bi5jb20wDQYJKoZIhvcNAQELBQAD
ggEBAGo0jwpwrZQREjsiBKBZY8yMsaiETOxclSnNBVs2BBclNJ6TpgQOM/ZB2nDu
PzR9OEZEefR0Qyz1thI+ttPPUc8DFMuN8m3bC16Yt53fKDWHXOq4oGKDz8MRoNSm
BeqlCsWdx0Ezf/v5p4m9HRqJVbtZMOQuzTee4+kKgsiKGUGudlzY9dJEH8mIJBNm
VPVziOFaTVfvJwIHwKWDxGPyd3Hbr7iS7dE5RkM6yE8iy7tUFUI7AoB77vBH4y4D
M2gJvObkGzuoiwSNS2XKoP4LA2R5WFvV9HbUOeeXnHZuJVIFWM25seHFPTC0ub22
MGZ2OYCe8+/VnuYyE8JN+fyyIF0=
-----END CERTIFICATE REQUEST-----
",
    "subject": "C=US/ST=Texas/L=Georgetown/streetAddress=1 Main Street/O=Rockcarver/OU=Frodo Library/CN=frodo-dev4.mytestrun.com/SERIALNUMBER=04/emailAddress=vscheuber@gmail.com/businessCategory=Unit Testing/jurisdictionCountryName=US/jurisdictionLocalityName=Georgetown/jurisdictionStateOrProvinceName=Texas",
    "subjectAlternativeNames": [
      "frodo-dev4-alt1.mytestrun.com",
      "frodo-dev4-alt2.mytestrun.com",
    ],
  },
  {
    "algorithm": "SHA256-RSA",
    "createdDate": "2024-07-30T23:42:27Z",
    "id": "35a19ab7-12d6-48cd-97a2-e3d055ec8fa8",
    "request": "-----BEGIN CERTIFICATE REQUEST-----
MIID0DCCArgCAQAwggEsMQswCQYDVQQGEwJVUzEOMAwGA1UECBMFVGV4YXMxEzAR
BgNVBAcTCkdlb3JnZXRvd24xFjAUBgNVBAkTDTEgTWFpbiBTdHJlZXQxEzARBgNV
BAoTClJvY2tjYXJ2ZXIxFjAUBgNVBAsTDUZyb2RvIExpYnJhcnkxITAfBgNVBAMT
GGZyb2RvLWRldjQubXl0ZXN0cnVuLmNvbTELMAkGA1UEBRMCMDQxIjAgBgkqhkiG
9w0BCQEWE3ZzY2hldWJlckBnbWFpbC5jb20xFTATBgNVBA8TDFVuaXQgVGVzdGlu
ZzETMBEGCysGAQQBgjc8AgEDEwJVUzEbMBkGCysGAQQBgjc8AgEBEwpHZW9yZ2V0
b3duMRYwFAYLKwYBBAGCNzwCAQITBVRleGFzMIIBIjANBgkqhkiG9w0BAQEFAAOC
AQ8AMIIBCgKCAQEA4kJuKo9W6klm1H2sgvjWtGweBO4tGN8/+X1s50H0YUEvpEKX
297gK+s55mYeB5bYsFuUCXiOG90vGugyLUxTJh4bmLRcu4HqCl1DXLU3pyAivMvq
6jC1v77mT0FO9/z+ntrPHG3+FJk+9RP7u2FZMK8FzkCJmovndEhqg2R4ZWWjKd99
fntCbr3cDrKCISbSIc3aKj/IFp+0dXYiSTBMDcvfyXEN4F4A3aLe14eMki+oTVrd
XzOXLJJxhRqOGn6bqcc+thG7yvRHfaFS2Esu9qKGJ8yEpGTPl0WJAAHhSvAA5Veo
NdY9I1+8N7uCmJGdpTVkn37ZzLu8ZWiDVhibfQIDAQABoF0wWwYJKoZIhvcNAQkO
MU4wTDBKBgNVHREBAf8EQDA+gh1mcm9kby1kZXY0LWFsdDEubXl0ZXN0cnVuLmNv
bYIdZnJvZG8tZGV2NC1hbHQyLm15dGVzdHJ1bi5jb20wDQYJKoZIhvcNAQELBQAD
ggEBAMbkrw5RAAbFJhxpbRfH3T5pcWQ0TKfUBK6u6L6BQ8pmUFUgmZh5nPMPl42b
LdMgEUKBPG082ryvAGhR59gBaPWF6AVrteqCWy6BkvX9t3yiDN7Tji2spYhp5OoB
cgkLGTg05YzZq/yF56XrT/T2MOz8YIK3EQHXnKQQlKP2hFGBdeE4OEfqSud8w1FL
NXGMqaE4QGrXQk1SgX4aeIM7zFiRDXlRLMo2zpe4ocC6Agcfxuht91UAVWO+t6Zx
RR/cX6KVq4cl/cxalKFYz/+H4VbDOA4RCKatgz5o18KlJP9qH2ihacG7v3msunyo
MixvzsPsO1yY3DSgnTt0ToMg6c4=
-----END CERTIFICATE REQUEST-----
",
    "subject": "C=US/ST=Texas/L=Georgetown/streetAddress=1 Main Street/O=Rockcarver/OU=Frodo Library/CN=frodo-dev4.mytestrun.com/SERIALNUMBER=04/emailAddress=vscheuber@gmail.com/businessCategory=Unit Testing/jurisdictionCountryName=US/jurisdictionLocalityName=Georgetown/jurisdictionStateOrProvinceName=Texas",
    "subjectAlternativeNames": [
      "frodo-dev4-alt1.mytestrun.com",
      "frodo-dev4-alt2.mytestrun.com",
    ],
  },
  {
    "algorithm": "SHA256-RSA",
    "createdDate": "2024-07-30T23:37:27Z",
    "id": "773e60af-5c89-4100-a01e-00f923e61fc3",
    "request": "-----BEGIN CERTIFICATE REQUEST-----
MIID0DCCArgCAQAwggEsMQswCQYDVQQGEwJVUzEOMAwGA1UECBMFVGV4YXMxEzAR
BgNVBAcTCkdlb3JnZXRvd24xFjAUBgNVBAkTDTEgTWFpbiBTdHJlZXQxEzARBgNV
BAoTClJvY2tjYXJ2ZXIxFjAUBgNVBAsTDUZyb2RvIExpYnJhcnkxITAfBgNVBAMT
GGZyb2RvLWRldjQubXl0ZXN0cnVuLmNvbTELMAkGA1UEBRMCMDQxIjAgBgkqhkiG
9w0BCQEWE3ZzY2hldWJlckBnbWFpbC5jb20xFTATBgNVBA8TDFVuaXQgVGVzdGlu
ZzETMBEGCysGAQQBgjc8AgEDEwJVUzEbMBkGCysGAQQBgjc8AgEBEwpHZW9yZ2V0
b3duMRYwFAYLKwYBBAGCNzwCAQITBVRleGFzMIIBIjANBgkqhkiG9w0BAQEFAAOC
AQ8AMIIBCgKCAQEApS2Q8/3LjeydXaMACE8JeiuEC3sQ1W7kG+fuggajwv+Muida
IpnzdNPBrMgctAbHAACBVC2c+JeSbIODjKodI42IKFyXJ5r3Jrc70DAMlLn9+jvL
6HmnF/wUK74c1o9oZtVEj+zNBjn4sy81BbpPY3R3A06MZuhEyxPhx6G01ppNvA16
4F0BgZ9ebhF+AqEP8QgezCGWEvJnz9VpPex81Umryg6YukyjbkJJyVhHUEu08RKT
4efL36/5Uk9JEiwbLS1ItKVmLxHCydPAeaTPedQTPpVJ8Gt7w9Gn05gkleG4SVGp
drI+SDM7US8FO4Y6MTwxloSeO0CdHWGrK0lYaQIDAQABoF0wWwYJKoZIhvcNAQkO
MU4wTDBKBgNVHREBAf8EQDA+gh1mcm9kby1kZXY0LWFsdDEubXl0ZXN0cnVuLmNv
bYIdZnJvZG8tZGV2NC1hbHQyLm15dGVzdHJ1bi5jb20wDQYJKoZIhvcNAQELBQAD
ggEBACgflEe2cbkxuBy+h/3c5ZPfit+/fqD8HHBsc3C1UkJTq9u3XEOrH3X9yR12
JFUn2EECahTI2PuZ68Z4LxwluPORKz4V2XY0yzApgy5+mcnR2HdJ1bY/nX3T2zxw
QOVcUhMQe17yaoXHU6bPVwqw+GWUoqNv40gMTKZtSUHmHJepNfH47SrjXJ6WaoNy
rlBqaD5H5ORys9GknaxoqrxjFrZrG7qGWjDtXKb9rMj6PFi1cSw6Vxjbye9By64U
506wy3sCTbPl5W3Eq8TYRHCvbR1umCSczrOnCZQe/FekweoRRUsOYEiU2AxOcQTC
iH/Na26pDeuGNFJJ0rydUzGk2Fw=
-----END CERTIFICATE REQUEST-----
",
    "subject": "C=US/ST=Texas/L=Georgetown/streetAddress=1 Main Street/O=Rockcarver/OU=Frodo Library/CN=frodo-dev4.mytestrun.com/SERIALNUMBER=04/emailAddress=vscheuber@gmail.com/businessCategory=Unit Testing/jurisdictionCountryName=US/jurisdictionLocalityName=Georgetown/jurisdictionStateOrProvinceName=Texas",
    "subjectAlternativeNames": [
      "frodo-dev4-alt1.mytestrun.com",
      "frodo-dev4-alt2.mytestrun.com",
    ],
  },
  {
    "algorithm": "SHA256-RSA",
    "createdDate": "2024-07-30T23:32:43Z",
    "id": "5eaf5571-5928-4448-9db6-793ef3d7fed5",
    "request": "-----BEGIN CERTIFICATE REQUEST-----
MIID0DCCArgCAQAwggEsMQswCQYDVQQGEwJVUzEOMAwGA1UECBMFVGV4YXMxEzAR
BgNVBAcTCkdlb3JnZXRvd24xFjAUBgNVBAkTDTEgTWFpbiBTdHJlZXQxEzARBgNV
BAoTClJvY2tjYXJ2ZXIxFjAUBgNVBAsTDUZyb2RvIExpYnJhcnkxITAfBgNVBAMT
GGZyb2RvLWRldjQubXl0ZXN0cnVuLmNvbTELMAkGA1UEBRMCMDQxIjAgBgkqhkiG
9w0BCQEWE3ZzY2hldWJlckBnbWFpbC5jb20xFTATBgNVBA8TDFVuaXQgVGVzdGlu
ZzETMBEGCysGAQQBgjc8AgEDEwJVUzEbMBkGCysGAQQBgjc8AgEBEwpHZW9yZ2V0
b3duMRYwFAYLKwYBBAGCNzwCAQITBVRleGFzMIIBIjANBgkqhkiG9w0BAQEFAAOC
AQ8AMIIBCgKCAQEAsfmLyNT8RmO/fbpvAyBrbk8eHIyT378mxWdu6foP3hLWTWfS
4/R8+aXKARXgJsAQL8jwRELycKFuQWryU6x1QZD9EgGzYUTTMc3YdyLwsKx5HaNp
bUo4vwxZVuC76BsVtHj6pyBgt1NQ0vPZSZq/n3Dwyuxv+hmVTILVhPPZmfXxEpUB
bpcExizTZh6oHAJ0ZCcLRCJE9tu26xDIsZfLIfjx2fhXc6mXPZxwjg5nFpKJroYH
fTgRwMSCpS+yzPv7c6YdVQsNkt/EWEC/qQxV3NBfF1ZyTMHO5UPau2CZRjEIuuuZ
erPeAr1hU11hDBWln+MdxTBSY9BpWPsa4JG4CQIDAQABoF0wWwYJKoZIhvcNAQkO
MU4wTDBKBgNVHREBAf8EQDA+gh1mcm9kby1kZXY0LWFsdDEubXl0ZXN0cnVuLmNv
bYIdZnJvZG8tZGV2NC1hbHQyLm15dGVzdHJ1bi5jb20wDQYJKoZIhvcNAQELBQAD
ggEBABpdqXhT1dV32rLAqbS43hy0l3egvY9gI8M4aLIaS86VuqaYis45teUN9pEK
/X8D9HjF9uvEuoVSFwe6/y+roMP7KdBUCSDzc6rcBS3pYxjOu0YE3+zP6cvmmLe/
CmWR0CY4xQfPQD46VaoUhk75ZqHGF1V/FJVXz69mcbsNbHh+CHzRv/FUVr55uGMM
tQQoD/74TtdxmL+iKRt+CO6L6f8Dn8oTv9L0GgdjyWQeAj6WBMRH+qAuohq/0s8K
Csn6O3PZF3+Z3+wvZtGEU/2Oy9cxFkDinWWeoiL4FNt1sdvOFPML+R9p/Wt75aur
iTxTgKfqlY2DzI+QONIqqsE9Xcc=
-----END CERTIFICATE REQUEST-----
",
    "subject": "C=US/ST=Texas/L=Georgetown/streetAddress=1 Main Street/O=Rockcarver/OU=Frodo Library/CN=frodo-dev4.mytestrun.com/SERIALNUMBER=04/emailAddress=vscheuber@gmail.com/businessCategory=Unit Testing/jurisdictionCountryName=US/jurisdictionLocalityName=Georgetown/jurisdictionStateOrProvinceName=Texas",
    "subjectAlternativeNames": [
      "frodo-dev4-alt1.mytestrun.com",
      "frodo-dev4-alt2.mytestrun.com",
    ],
  },
  {
    "algorithm": "SHA256-RSA",
    "createdDate": "2024-07-30T23:22:44Z",
    "id": "11228280-4756-45aa-af11-2b261a9232a9",
    "request": "-----BEGIN CERTIFICATE REQUEST-----
MIID0DCCArgCAQAwggEsMQswCQYDVQQGEwJVUzEOMAwGA1UECBMFVGV4YXMxEzAR
BgNVBAcTCkdlb3JnZXRvd24xFjAUBgNVBAkTDTEgTWFpbiBTdHJlZXQxEzARBgNV
BAoTClJvY2tjYXJ2ZXIxFjAUBgNVBAsTDUZyb2RvIExpYnJhcnkxITAfBgNVBAMT
GGZyb2RvLWRldjQubXl0ZXN0cnVuLmNvbTELMAkGA1UEBRMCMDQxIjAgBgkqhkiG
9w0BCQEWE3ZzY2hldWJlckBnbWFpbC5jb20xFTATBgNVBA8TDFVuaXQgVGVzdGlu
ZzETMBEGCysGAQQBgjc8AgEDEwJVUzEbMBkGCysGAQQBgjc8AgEBEwpHZW9yZ2V0
b3duMRYwFAYLKwYBBAGCNzwCAQITBVRleGFzMIIBIjANBgkqhkiG9w0BAQEFAAOC
AQ8AMIIBCgKCAQEAqcKonWQn8PrH6QkbtS06Eo5erwxJBIdcwQAZe3v5hxAT1V21
tGmUWxKoAqcRp4gqW1v8ZzRVMYEDuuxWey10dTyqFqUaRA+8MvGu5Mh6bLUAWiaG
iYgS4v8FmMhm9w6EtlkuV402Xd09f68XBcOAKgf0JcTAChKcT0K9t9UCLHLLF/7e
9LmuifiturPc8GEPLUq035c0alKZUQZMhC4y2UCW+qQS2XyfD9KLjq2C6Ejch5vo
3SbYvaBQLudc7NPH6T2ZijVXUWIBJan2pJB77DsvEiEvOlr8Djvjes4ISDYdUrQ0
xmCBzsaFulgkLwjj4A2hpkLH6VTZnR9b05pjkwIDAQABoF0wWwYJKoZIhvcNAQkO
MU4wTDBKBgNVHREBAf8EQDA+gh1mcm9kby1kZXY0LWFsdDEubXl0ZXN0cnVuLmNv
bYIdZnJvZG8tZGV2NC1hbHQyLm15dGVzdHJ1bi5jb20wDQYJKoZIhvcNAQELBQAD
ggEBAJ+qwMv2cSfuWg8hPiIa99DTAUipfLNY4AyzfBPUizhEKh3Dt7+K4Ty44Wd1
gndojPl/wkhU3GPHxMLpJSAyd6EYOO9FBI2h1p+Mxd6WTdU8Sqapf3dWx3gDC37I
eIA/A27tUbiiuVK4hHgH/ZKbwmkAi3dkCdLcc989ON4HGBe7HtDu2Wb2SgHrnM/w
JKuEdkcybmkJ9UEPFnXcEwIZe7GE3hB9pwF48gPRtGg2AMod2FRqr4hOZ8TF92TQ
fvfBH8J0JcNhM+pnyWkNf0ILXsTkToENFUoNHmJrCi9zlGf/2lIx0fiNGGFFvi4n
uZU1sr4hNcwm6OHwAaZARNDV+7k=
-----END CERTIFICATE REQUEST-----
",
    "subject": "C=US/ST=Texas/L=Georgetown/streetAddress=1 Main Street/O=Rockcarver/OU=Frodo Library/CN=frodo-dev4.mytestrun.com/SERIALNUMBER=04/emailAddress=vscheuber@gmail.com/businessCategory=Unit Testing/jurisdictionCountryName=US/jurisdictionLocalityName=Georgetown/jurisdictionStateOrProvinceName=Texas",
    "subjectAlternativeNames": [
      "frodo-dev4-alt1.mytestrun.com",
      "frodo-dev4-alt2.mytestrun.com",
    ],
  },
  {
    "algorithm": "SHA256-RSA",
    "createdDate": "2024-07-30T22:51:49Z",
    "id": "4e8bfdff-6f20-4cb4-b44b-215131879c62",
    "request": "-----BEGIN CERTIFICATE REQUEST-----
MIID0TCCArkCAQAwggEtMQwwCgYDVQQGEwNVU0ExDjAMBgNVBAgTBVRleGFzMRMw
EQYDVQQHEwpHZW9yZ2V0b3duMRYwFAYDVQQJEw0xIE1haW4gU3RyZWV0MRMwEQYD
VQQKEwpSb2NrY2FydmVyMRYwFAYDVQQLEw1Gcm9kbyBMaWJyYXJ5MSAwHgYDVQQD
Exdmcm9kby1kZXYubXl0ZXN0cnVuLmNvbTELMAkGA1UEBRMCMDExIjAgBgkqhkiG
9w0BCQEWE3ZzY2hldWJlckBnbWFpbC5jb20xFTATBgNVBA8TDFVuaXQgVGVzdGlu
ZzEUMBIGCysGAQQBgjc8AgEDEwNVU0ExGzAZBgsrBgEEAYI3PAIBARMKR2Vvcmdl
dG93bjEWMBQGCysGAQQBgjc8AgECEwVUZXhhczCCASIwDQYJKoZIhvcNAQEBBQAD
ggEPADCCAQoCggEBAJwWyMcFXh22YwoHjoFLXEDN478kSDh4/MBjU033D8ycTHNa
BJMHD259o+aRBKHdvuaeLB0/jDwGwtaL71xlf3Dn1xjbF/0XpZj/n9Ky/rTwZ5yb
QvawRIgX547wWBebHYZNxIAvSbAwf92Yr+0i46oYMktzdn/nsvLqvPAr/Zoy9DVn
ZGzaCV7bb6WSE+b/bP9VOtxQSNp1LxpTBGyqIlZZWO25wIfTBI78vSHou8e6WOyS
k42rHwxi3BqqKZiHr0CLkZodJAn3gk/5jhVL6XGom3eVCkWh+5mVNuiSiyHoMcqj
zcYSbePDmf6oBClWnRZMEUtPJAPtQy8gAzQU1vkCAwEAAaBdMFsGCSqGSIb3DQEJ
DjFOMEwwSgYDVR0RAQH/BEAwPoIdZnJvZG8tZGV2MS1hbHQxLm15dGVzdHJ1bi5j
b22CHWZyb2RvLWRldjEtYWx0Mi5teXRlc3RydW4uY29tMA0GCSqGSIb3DQEBCwUA
A4IBAQBOMiXJENnmwL5qcL0ejtbNio4dYya+0ph01xQHYwvZcW1POKPy/rdXjUr+
+DgtQ/4Awkl8iI3DRgfkUzfms0HoK47qAWv65dmgg4TWO7iAdstGj1qmFVSnj9OT
ISz6zv2IvV4Azhh860oXk36GtQExJjgakawGHbP6Z1tjVplWb0K56kidah7ZUn4+
55AkQsFnTVZt4r5Y62S4S6stjFONw6i/W2S8IWPmdYs3HGmG5pNvqTHqAB15XLfs
QS3XLYtyDwmsUQyzn5OgoxYQa8UgpiEovP6x7jNq8FAsLkYANGEQx0Fs9GGumQB3
FjQ8jEFgjf7u6yQb64mcjePjOiZ1
-----END CERTIFICATE REQUEST-----
",
    "subject": "C=USA/ST=Texas/L=Georgetown/streetAddress=1 Main Street/O=Rockcarver/OU=Frodo Library/CN=frodo-dev.mytestrun.com/SERIALNUMBER=01/emailAddress=vscheuber@gmail.com/businessCategory=Unit Testing/jurisdictionCountryName=USA/jurisdictionLocalityName=Georgetown/jurisdictionStateOrProvinceName=Texas",
    "subjectAlternativeNames": [
      "frodo-dev1-alt1.mytestrun.com",
      "frodo-dev1-alt2.mytestrun.com",
    ],
  },
  {
    "algorithm": "SHA256-RSA",
    "createdDate": "2024-07-30T20:27:32Z",
    "id": "b87151f7-e195-46ca-b30b-32ae19d07943",
    "request": "-----BEGIN CERTIFICATE REQUEST-----
MIIDzzCCArcCAQAwggErMQswCQYDVQQGEwJVUzEOMAwGA1UECBMFVGV4YXMxEzAR
BgNVBAcTCkdlb3JnZXRvd24xFjAUBgNVBAkTDTEgTWFpbiBTdHJlZXQxEzARBgNV
BAoTClJvY2tjYXJ2ZXIxFjAUBgNVBAsTDUZyb2RvIExpYnJhcnkxITAfBgNVBAMT
GGZyb2RvLWRldjQubXl0ZXN0cnVuLmNvbTEKMAgGA1UEBRMBMDEiMCAGCSqGSIb3
DQEJARYTdnNjaGV1YmVyQGdtYWlsLmNvbTEVMBMGA1UEDxMMVW5pdCBUZXN0aW5n
MRMwEQYLKwYBBAGCNzwCAQMTAlVTMRswGQYLKwYBBAGCNzwCAQETCkdlb3JnZXRv
d24xFjAUBgsrBgEEAYI3PAIBAhMFVGV4YXMwggEiMA0GCSqGSIb3DQEBAQUAA4IB
DwAwggEKAoIBAQDkKdDShgM2JxaQtBDBwkU4GjDUGIi5WqRjGvgcL5jFNpowPl2P
ng5GkHtaglWzceihdLwO2RPVvVSG2N7D/erFpBS+CEViPNlPbb4pZxspd2HufmaS
kMr1czaWW8RHOLvhuejU0GX2NQlaBxKaimtWaMwZbstfxFO/u9rLn2Tmssj5LQ3r
T5k5Aoplrggu6muyq+y82yhzAfluAuRZ3KzL7+T7s0hWIxZA8XdDZYG9lvhiV5QG
ppk91g/gyhTiVtDbdJOAk8CsR7pqaeYKo1+80pcM5GHVxHjGUAN0ONr1FchvhO4N
QRJ8ZYczvFFuG1uSg27FfNm0FY5Joa+6Jae3AgMBAAGgXTBbBgkqhkiG9w0BCQ4x
TjBMMEoGA1UdEQEB/wRAMD6CHWZyb2RvLWRldjQtYWx0MS5teXRlc3RydW4uY29t
gh1mcm9kby1kZXY0LWFsdDIubXl0ZXN0cnVuLmNvbTANBgkqhkiG9w0BAQsFAAOC
AQEAbiWhOSf/IzpR3YI3agWOkwKU8RnEhDzeDUhyK1O7ANJTe1vVKCxpcCnmMHqj
qlRtqXE7apjEExBW+Ldq9Mn7xwXJAxiNd6hR3eIalq99iRQ5En+amOXNXB99f7hz
0+ocOZ1DLLTrcnDgsmiKWLbu0w5C4/B/0kebzwFXScSYk2uERNdzPJMUit2ZWwCx
HhPJROsVcpVZ0Iz8Lu81Sz0oTpddZHU0Zi56qCXsUsFEsCE0B2EJM1bBeoRjtPoC
HxySlZDDyTm04Z7oYgWRpspxxK3DHf7iUehsYeEMcUYzGefmokgwLEmjzWktRS1z
HogYZv2VM6hbSHdtZEs5JEPwEA==
-----END CERTIFICATE REQUEST-----
",
    "subject": "C=US/ST=Texas/L=Georgetown/streetAddress=1 Main Street/O=Rockcarver/OU=Frodo Library/CN=frodo-dev4.mytestrun.com/SERIALNUMBER=0/emailAddress=vscheuber@gmail.com/businessCategory=Unit Testing/jurisdictionCountryName=US/jurisdictionLocalityName=Georgetown/jurisdictionStateOrProvinceName=Texas",
    "subjectAlternativeNames": [
      "frodo-dev4-alt1.mytestrun.com",
      "frodo-dev4-alt2.mytestrun.com",
    ],
  },
  {
    "algorithm": "SHA256-RSA",
    "createdDate": "2024-07-30T20:22:01Z",
    "id": "937fc396-b021-4d0c-bfd4-853693213e65",
    "request": "-----BEGIN CERTIFICATE REQUEST-----
MIIDzzCCArcCAQAwggErMQswCQYDVQQGEwJVUzEOMAwGA1UECBMFVGV4YXMxEzAR
BgNVBAcTCkdlb3JnZXRvd24xFjAUBgNVBAkTDTEgTWFpbiBTdHJlZXQxEzARBgNV
BAoTClJvY2tjYXJ2ZXIxFjAUBgNVBAsTDUZyb2RvIExpYnJhcnkxITAfBgNVBAMT
GGZyb2RvLWRldjQubXl0ZXN0cnVuLmNvbTEKMAgGA1UEBRMBMDEiMCAGCSqGSIb3
DQEJARYTdnNjaGV1YmVyQGdtYWlsLmNvbTEVMBMGA1UEDxMMVW5pdCBUZXN0aW5n
MRMwEQYLKwYBBAGCNzwCAQMTAlVTMRswGQYLKwYBBAGCNzwCAQETCkdlb3JnZXRv
d24xFjAUBgsrBgEEAYI3PAIBAhMFVGV4YXMwggEiMA0GCSqGSIb3DQEBAQUAA4IB
DwAwggEKAoIBAQCrxi9zKErz4UOTlApWa2fzgKv4TyVKLpnRmJrW8slny8nD6Xlx
5vIrIyiycFML4LWdyMMXKb8iH/9j3QInHZqVMiPsS1sG6W5Re8uMruzQixbS4DOV
oAW5BTeHBrEUAxu34ZUpciuEw0mCkzlMuIbNStehwQbnUCpQbnvAjUTorC6Qv9lY
QW/7Q6DYVQnyMlqgOIwNTBaeAN1jSWz93rOFUAAYPgDzaSp/24PnRBwng3UogXOt
HzIShsthdWWg3Xp0HKkm30/yM+NWZuPDY6rfId81IL7rCeesCK+EHJP0mSnNj0ar
9f44TnjHp2Y/IAP8dh2j1tfKRBeQiWv8pK9zAgMBAAGgXTBbBgkqhkiG9w0BCQ4x
TjBMMEoGA1UdEQEB/wRAMD6CHWZyb2RvLWRldjQtYWx0MS5teXRlc3RydW4uY29t
gh1mcm9kby1kZXY0LWFsdDIubXl0ZXN0cnVuLmNvbTANBgkqhkiG9w0BAQsFAAOC
AQEAC4Z5UN8dNboP9Q2yr1pTf5evOZzLONwMMof0GVfJn9bozhv1QxepZ7Y7HKB5
OKo6quTJZmQTcyjfjHavpKe8Sa9Qdwxg7DH7bWwqPXxEhlfYu0GZUfKk1/HfdXz3
8Zi26Lw3TsY5mMM1pA0CTwj+hnws8fVAAJjyIL64bU5Q2Egn1NxKYHfufSXLM+6C
IgUtpVtYYqudmtjoMzvXkXHnylvzOUnxWjrqnGC6bel+eNpKtkGFhAOlk9F64n82
PjyUoCWETIAthZIOpDGfx+DAkTkaE5BHpIrDF9sugassizMypGDOEYqyue8xagVi
RPey2Zq7afDScJJyQ9FJDaX5wA==
-----END CERTIFICATE REQUEST-----
",
    "subject": "C=US/ST=Texas/L=Georgetown/streetAddress=1 Main Street/O=Rockcarver/OU=Frodo Library/CN=frodo-dev4.mytestrun.com/SERIALNUMBER=0/emailAddress=vscheuber@gmail.com/businessCategory=Unit Testing/jurisdictionCountryName=US/jurisdictionLocalityName=Georgetown/jurisdictionStateOrProvinceName=Texas",
    "subjectAlternativeNames": [
      "frodo-dev4-alt1.mytestrun.com",
      "frodo-dev4-alt2.mytestrun.com",
    ],
  },
]
`;

exports[`EnvCSRsApi updateCSR() 1: Update existing CSR - success 1`] = `
{
  "algorithm": "SHA256-RSA",
  "certificateID": "ccrt-0e1bb1e5-eaf5-4c02-beef-e6d2a43290a1",
  "createdDate": "2024-07-31T02:42:04Z",
  "id": "9b1c9774-1caa-4fc0-a640-fb40930f2f33",
  "request": "-----BEGIN CERTIFICATE REQUEST-----
MIID0DCCArgCAQAwggEsMQswCQYDVQQGEwJVUzEOMAwGA1UECBMFVGV4YXMxEzAR
BgNVBAcTCkdlb3JnZXRvd24xFjAUBgNVBAkTDTEgTWFpbiBTdHJlZXQxEzARBgNV
BAoTClJvY2tjYXJ2ZXIxFjAUBgNVBAsTDUZyb2RvIExpYnJhcnkxITAfBgNVBAMT
GGZyb2RvLWRldjIubXl0ZXN0cnVuLmNvbTELMAkGA1UEBRMCMDIxIjAgBgkqhkiG
9w0BCQEWE3ZzY2hldWJlckBnbWFpbC5jb20xFTATBgNVBA8TDFVuaXQgVGVzdGlu
ZzETMBEGCysGAQQBgjc8AgEDEwJVUzEbMBkGCysGAQQBgjc8AgEBEwpHZW9yZ2V0
b3duMRYwFAYLKwYBBAGCNzwCAQITBVRleGFzMIIBIjANBgkqhkiG9w0BAQEFAAOC
AQ8AMIIBCgKCAQEA01FKXbSK8HN3AJJHKkSTeRomY8sVRd1OJ8+2mprppT3U7pH1
FUvym7F9iE9IXmWmLcmuJdcbRNzZLqUBc4g43cVvQIfcKvmJg97nGSk5Cc/mH5LK
vqxlJgsVA3CTVzEI649xaEHIpplgkO8AytzGCwpRZxdFrKfFp8hnBmvwzRuO1OPK
XyG8+yJB3AGBTXk0LXYGLiB+6R2GkPR7o+luVXotoJ9W9sFz++dfuSr9oAkDBsNE
qSzcewDNyZ1QI2B4J9trtBPvkSppVqaT90sxwseX/7WhFJLkq4D+iAKpXp6yydL+
z+z6YjOn68RvNuSeTgA8p3WFqIWwi53TQp4HOwIDAQABoF0wWwYJKoZIhvcNAQkO
MU4wTDBKBgNVHREBAf8EQDA+gh1mcm9kby1kZXYyLWFsdDEubXl0ZXN0cnVuLmNv
bYIdZnJvZG8tZGV2Mi1hbHQyLm15dGVzdHJ1bi5jb20wDQYJKoZIhvcNAQELBQAD
ggEBAMTYtiKl7kIoTVtMskhvO04J3ZCN5mHIpRakJqBoqFPmMZJ/URs8raD8flaW
sRi5f0Fyt1ab21fnoVlZbrgh629AfeMv9ME0/qsJVt3CYaK+BkRt70x8Xz1KDD/U
5AT0e7lsooGzrD+nzMGfmqb0ctCxgHD25JHIECaXgxJap3pvJKEyAAlw0xC1kZQP
Hi5Jt457ea+A5pSzVGoqm14tGJK/zkfnbtxc/NVZY5jGlvFZ5wzv6qz9YcGm+XiG
1wG7VybmyklR4gKlGWl7lEIbXQDwq8+hKKOzc5zR64rnjtFv+AvtWBYm3O7TAsDr
BoCyBacfXvedH0wQE4BoYJIBJHg=
-----END CERTIFICATE REQUEST-----
",
  "subject": "C=US/ST=Texas/L=Georgetown/streetAddress=1 Main Street/O=Rockcarver/OU=Frodo Library/CN=frodo-dev2.mytestrun.com/SERIALNUMBER=02/emailAddress=vscheuber@gmail.com/businessCategory=Unit Testing/jurisdictionCountryName=US/jurisdictionLocalityName=Georgetown/jurisdictionStateOrProvinceName=Texas",
  "subjectAlternativeNames": [
    "frodo-dev2-alt1.mytestrun.com",
    "frodo-dev2-alt2.mytestrun.com",
  ],
}
`;

exports[`EnvCSRsApi updateCSR() 2: Update non-existing CSR - error 1`] = `""`;
