// Jest Snapshot v1, https://goo.gl/fbAQLP

exports[`EnvFederationEnforcementOps enforceFederationFor() 1: Enforce federation for non-global - success 1`] = `
{
  "groups": "non-global",
}
`;

exports[`EnvFederationEnforcementOps readFederationEnforcement() 1: Read federation enforcement - success 1`] = `
{
  "groups": "non-global",
}
`;

exports[`EnvFederationEnforcementOps updateFederationEnforcement() 1: Set federation enforcement - success 1`] = `
{
  "groups": "non-global",
}
`;
